 running on   12 total cores
 distrk:  each k-point on   12 cores,    1 groups
 distr:  one band on    1 cores,   12 groups
 using from now: INCAR     
 vasp.5.4.4.18Apr17-6-g9f103f2a35 (build Feb 29 2024 11:37:08) complex          
  
 POSCAR found type information on POSCAR  N  O 
 POSCAR found :  2 types and       2 ions
 scaLAPACK will be used

 ----------------------------------------------------------------------------- 
|                                                                             |
|           W    W    AA    RRRRR   N    N  II  N    N   GGGG   !!!           |
|           W    W   A  A   R    R  NN   N  II  NN   N  G    G  !!!           |
|           W    W  A    A  R    R  N N  N  II  N N  N  G       !!!           |
|           W WW W  AAAAAA  RRRRR   N  N N  II  N  N N  G  GGG   !            |
|           WW  WW  A    A  R   R   N   NN  II  N   NN  G    G                |
|           W    W  A    A  R    R  N    N  II  N    N   GGGG   !!!           |
|                                                                             |
|      For optimal performance we recommend to set                            |
|        NCORE= 4 - approx SQRT( number of cores)                             |
|      NCORE specifies how many cores store one orbital (NPAR=cpu/NCORE).     |
|      This setting can  greatly improve the performance of VASP for DFT.     |
|      The default,   NCORE=1            might be grossly inefficient         |
|      on modern multi-core architectures or massively parallel machines.     |
|      Do your own testing !!!!                                               |
|      Unfortunately you need to use the default for GW and RPA calculations. |
|      (for HF NCORE is supported but not extensively tested yet)             |
|                                                                             |
 ----------------------------------------------------------------------------- 


 ----------------------------------------------------------------------------- 
|                                                                             |
|  ADVICE TO THIS USER RUNNING 'VASP/VAMP'   (HEAR YOUR MASTER'S VOICE ...):  |
|                                                                             |
|      You have a (more or less) 'small supercell' and for smaller cells      |
|      it is recommended  to use the reciprocal-space projection scheme!      |
|      The real space optimization is not  efficient for small cells and it   |
|      is also less accurate ...                                              |
|      Therefore set LREAL=.FALSE. in the  INCAR file                         |
|                                                                             |
 ----------------------------------------------------------------------------- 

 LDA part: xc-table for Pade appr. of Perdew
 POSCAR, INCAR and KPOINTS ok, starting setup
 FFT: planning ...
 WAVECAR not read
 WARNING: random wavefunctions but no delay for mixing, default for NELMDL
 entering main loop
       N       E                     dE             d eps       ncg     rms          rms(c)
DAV:   1     0.284611668301E+02    0.28461E+02   -0.77855E+03    24   0.950E+02
DAV:   2    -0.109264725547E+02   -0.39388E+02   -0.39388E+02    24   0.180E+02
DAV:   3    -0.115547326238E+02   -0.62826E+00   -0.62826E+00    48   0.262E+01
DAV:   4    -0.115548292394E+02   -0.96616E-04   -0.96615E-04    24   0.322E-01
DAV:   5    -0.115548294164E+02   -0.17700E-06   -0.17707E-06    36   0.140E-02    0.491E+00
RMM:   6    -0.113157844734E+02    0.23904E+00   -0.31676E-01    25   0.438E+00    0.279E+00
RMM:   7    -0.112403053016E+02    0.75479E-01   -0.51398E-02    24   0.172E+00    0.168E+00
RMM:   8    -0.112120152287E+02    0.28290E-01   -0.48180E-02    24   0.174E+00    0.349E-01
RMM:   9    -0.112118209118E+02    0.19432E-03   -0.16154E-03    24   0.353E-01    0.767E-02
RMM:  10    -0.112117927180E+02    0.28194E-04   -0.13939E-04    19   0.105E-01
   1 F= -.11211793E+02 E0= -.11183583E+02  d E =-.564190E-01
