Executable      : tbtrans
Version         : 5.1-MaX-42-gb6955e60a
Architecture    : x86_64
Compiler version: GNU-12.3.0
Compiler flags  : -DSIESTA__METIS -fallow-argument-mismatch -O3 -march=native
Parallelisations: MPI
NetCDF support
NetCDF-4 support
NetCDF-4 MPI-IO support
METIS ordering support
Native ELPA support

Runtime information:
* Directory : /home/nicpa/codes/sisl-files/tests/siesta/tbtrans/c60_projection
* Running on 4 nodes in parallel.
>> Start of run:  25-JUL-2024  20:47:22

                           ************************ 
                           *  WELCOME TO TBtrans  * 
                           ************************ 

reinit: Reading from file projection.fdf

reinit: -----------------------------------------------------------------------
reinit: System Name: 
reinit: -----------------------------------------------------------------------
reinit: System Label: projection
reinit: -----------------------------------------------------------------------

tbt: *** No electrode names were found, default Left/Right are expected
tbt: Number of transport k-points = 1
tbt: Method = Monkhorst-Pack grid.
tbt: k-grid: Supercell and displacements
tbt:            1   0   0      0.000
tbt:            0   1   0      0.000
tbt:            0   0   1      0.000


tbt: **************************************************************
tbt: Electronic temperature (reference)             =  299.9863 K
tbt: No applied bias
tbt: Calculate transmission only using diag(Gf)     =    F
tbt: Saving bulk transmission for electrodes        =    F
tbt: Saving DOS from bulk electrodes                =    F
tbt: Saving DOS from Green function                 =    T
tbt: Saving DOS from spectral functions             =    T
tbt: Saving bond currents (orb-orb)                 =    F
tbt: Saving DM from Green function                  =    F
tbt: Saving DM from spectral functions              =    F
tbt: Saving COOP from Green function                =    F
tbt: Saving COOP from spectral functions            =    F
tbt: Saving COHP from Green function                =    F
tbt: Saving COHP from spectral functions            =    F
tbt: Calc. # transmission eigenvalues               =  6
tbt: Calc. T between all electrodes                 =    F
tbt: Calc. total T out of electrodes                =    F
tbt: Non-polarized Hamiltonian
tbt: BTD creation algorithm                         =    speed
tbt: BTD spectral function algorithm                =    propagation
tbt: Divide and conquer diagonalization             =    F
tbt: Assume LAPACK <i|S|j> = delta_ij               =    F
tbt: Saving downfolded self-energies                =    F
tbt: No delta Hamiltonian
tbt: No delta self-energy
tbt: Data files stored in current folder
tbt: No compression of TBT.nc files
tbt: Default NetCDF precision                       =    single
tbt: Use parallel MPI-IO for NetCDF file            =    F
tbt-proj: Calc. T between all electrodes            =    F
tbt-proj: Calc. total T out of electrodes           =    F
tbt-proj: Saving DOS from spectral functions        =    T
tbt-proj: Saving bond currents (orb-orb)            =    F
tbt-proj: Saving DM from spectral functions         =    F
tbt-proj: Saving COOP from spectral functions       =    F
tbt-proj: Saving COHP from spectral functions       =    F
tbt:           >> Electrodes << 
tbt: >> Left
tbt:   Electrode cell pivoting: E1, E2, E3          = A1, A2, A3
tbt:   In-core self-energy calculation
tbt:   Electrode TSHS file                          = ELEC.nc
tbt:   # atoms in electrode used / total            = 4 / 4
tbt:   Electrode Bloch unity [E1 x E2 x E3]         = 1 x 1 x 1
tbt:   Position in geometry                         = 1 -- 4
tbt:   Semi-infinite direction for electrode        = negative wrt. E1
tbt:   Chemical shift                               =    0.000000 eV
tbt:   Electronic temperature                       =  299.986274 K
tbt:   Gamma-only electrode                         =    T
tbt:   Bulk H, S in electrode region                =    T
tbt:   Manual delta-Ef shift                        =    0.000000 eV
tbt:   Electrode self-energy imaginary Eta          =  0.1000E-02 eV
tbt:   Electrode self-energy accuracy               =  0.1000E-12 eV
tbt:   Electrode inter-layer distance (semi-inf)    =    1.0000 Ang
tbt: >> Right
tbt:   Electrode cell pivoting: E1, E2, E3          = A1, A2, A3
tbt:   In-core self-energy calculation
tbt:   Electrode TSHS file                          = ELEC.nc
tbt:   # atoms in electrode used / total            = 4 / 4
tbt:   Electrode Bloch unity [E1 x E2 x E3]         = 1 x 1 x 1
tbt:   Position in geometry                         = 81 -- 84
tbt:   Semi-infinite direction for electrode        = positive wrt. E1
tbt:   Chemical shift                               =    0.000000 eV
tbt:   Electronic temperature                       =  299.986274 K
tbt:   Gamma-only electrode                         =    T
tbt:   Bulk H, S in electrode region                =    T
tbt:   Manual delta-Ef shift                        =    0.000000 eV
tbt:   Electrode self-energy imaginary Eta          =  0.1000E-02 eV
tbt:   Electrode self-energy accuracy               =  0.1000E-12 eV
tbt:   Electrode inter-layer distance (semi-inf)    =    1.0000 Ang
ts:              >> TBtrans contour << 
ts: Device Green function imaginary Eta             = 0.1000E-03 eV
ts: Contour name                                    =    TBT.Contour.line
ts:   line contour E_min                            =   -2.0000 eV
ts:   line contour E_max                            =    2.0000 eV
ts:   line contour points                           =  400
ts:   line contour method                           =    Mid-rule
tbt: **************************************************************

tbt: <<<<<<<<<<<<<<<<<<<<<<<<<<<<<<<<<<<<<<<<<<<<<<<<<<<<<<<<<<<<<<
%block TBT.Contours
    line
%endblock TBT.Contours

%block TBT.Contour.line
  part line
     from -2. eV to 2. eV
      delta 0.01 eV
        method mid-rule
%endblock TBT.Contour.line
tbt: <<<<<<<<<<<<<<<<<<<<<<<<<<<<<<<<<<<<<<<<<<<<<<<<<<<<<<<<<<<<<<

************************ Begin: TBT CHECKS AND WARNINGS ************************
 ** Speed up the execution by utilizing parallel I/O
  > TBT.CDF.MPI true
************************ End: TBT CHECKS AND WARNINGS **************************

Device information (full):
  <sparsity:DEVICE.nc
    nrows_g=84 nrows=84 sparsity=.0479 nnzs=338, refcount: 3>

Electrode information:

  <sparsity:ELEC.nc
    nrows_g=4 nrows=4 sparsity=1.0000 nnzs=16, refcount: 3>
  <sparsity:(TM [ 0,--,--] of: ELEC.nc)
    nrows_g=4 nrows=4 sparsity=.7500 nnzs=12, refcount: 3>
  <sparsity:(TM [ 1,--,--] of: ELEC.nc)
    nrows_g=4 nrows=4 sparsity=.1250 nnzs=2, refcount: 3>
 Left principal cell is perfect!

  <sparsity:ELEC.nc
    nrows_g=4 nrows=4 sparsity=1.0000 nnzs=16, refcount: 3>
  <sparsity:(TM [ 0,--,--] of: ELEC.nc)
    nrows_g=4 nrows=4 sparsity=.7500 nnzs=12, refcount: 3>
  <sparsity:(TM [-1,--,--] of: ELEC.nc)
    nrows_g=4 nrows=4 sparsity=.1250 nnzs=2, refcount: 3>
 Right principal cell is perfect!


tbt: Analyzing electrode sparsity pattern and electrode pivot-tables
tbt: BTD pivoting scheme for electrode (Left): orb+Left

tbt: Analyzing device sparsity pattern and pivot-table
tbt: BTD pivoting scheme in device: orb+Right
tbt: Done analyzing electrode and device sparsity pattern and pivot-tables

tbt: Reducing matrix (H, S) sparsity patterns by: 4

tbt: # of device region orbitals: 60
Region (60): [A]-device
  [ 13 -- 72 ]

tbt: # of Left downfolding orbitals: 13
tbt: # of Left device orbitals: 1
Region (12): [A]-Left folding region
  [ 1 -- 12 ]
Region (1): [A]-Left folding in D
  [ 35 ]

tbt: # of Right downfolding orbitals: 14
tbt: # of Right device orbitals: 2
Region (12): [A]-Right folding region
  [ 73 -- 84 ]
Region (2): [A]-Right folding in D
  [ 18 -- 19 ]

tbt: Projection regions:
 - Projection C60
   Gamma projection: True
   Region (60): Atoms
     [ 13 -- 72 ]
  * Different projections:
     Region (1): HOMO
       [ -1 ]
      - Left.T -> [ Right.C60.HOMO, Right.C60.LUMO, Right]
     Region (2): LUMO
       [ 1 -- 2 ]
      - Left.T -> [ Right.C60.HOMO, Right.C60.LUMO, Right]

* Non-projected incoming scattering state projections:
  - Left.T -> [ Right.C60.HOMO, Right.C60.LUMO]


tbt: *** Correcting number of T eigenvalues...

tbt: Creating electrode tri-diagonal matrix blocks
tbt: Creating device tri-diagonal matrix blocks
Region (2): [TRI] device region
  [ [30]*2 ]

tbt: Electrodes tri-diagonal matrices
Region (7): [TRI] Left
  [ 1, [2]*6 ]
Region (7): [TRI] Right
  [ [2]*7 ]

tbt: [memory] electrode: 1.047 kB
tbt: [memory] H, S and auxiliary matrices: 12.578 kB
tbt: [memory] sum of electrode and sparse: 13.625 kB

tbt: Initializing data file: projection.TBT.nc
tbt: Estimated file size of projection.TBT.nc: 197.422 kB


tbt: Initializing projection data file: projection.TBT.Proj.nc
tbt: Calculating eigenvalues and |> of projection: C60
tbt: Estimated file size of projection.TBT.Proj.nc: 334.164 kB

tbt: Please ensure the projection eigenvalues are aligned as you suspect.
tbt: Molecular states hybridize in proximity and energy levels might shift.

tbt: [memory] LHS inversion + padding: 127.859 kB
tbt: [memory] RHS inversion + padding: 112.500 kB
tbt: Initial ETA in                  1.4 s
tbt: Calculated    5.00 %, ETA in                  0.9 s
tbt: Calculated   10.00 %, ETA in                  0.8 s
tbt: Calculated   15.00 %, ETA in                  0.8 s
tbt: Calculated   21.00 %, ETA in                  0.7 s
tbt: Calculated   27.00 %, ETA in                  0.7 s
tbt: Calculated   33.00 %, ETA in                  0.6 s
tbt: Calculated   39.00 %, ETA in                  0.5 s
tbt: Calculated   44.00 %, ETA in                  0.5 s
tbt: Calculated   49.00 %, ETA in                  0.5 s
tbt: Calculated   54.00 %, ETA in                  0.4 s
tbt: Calculated   60.00 %, ETA in                  0.4 s
tbt: Calculated   66.00 %, ETA in                  0.3 s
tbt: Calculated   72.00 %, ETA in                  0.2 s
tbt: Calculated   78.00 %, ETA in                  0.2 s
tbt: Calculated   83.00 %, ETA in                  0.1 s
tbt: Calculated   88.00 %, ETA in                  0.1 s
tbt: Calculated   93.00 %, ETA in                  0.1 s
tbt: Calculated   98.00 %, ETA in                  0.0 s
tbt: Completed in                0.879 s

Currents (ensure entire Fermi function window):
Left -> Right, V [V] / I [A]:  0.00000     V /  0.00000     A
Left -> Right, V [V] / P [W]:  0.00000     V /  0.00000     W


             Section          Calls    Walltime       %
 global_section                   1       0.941  100.00
  tbtrans                         1       0.941  100.00
   init-region+sp                 1       0.000    0.01
   pivot-elec                     1       0.000    0.03
    pivot                         1       0.000    0.01
   pivot-device                   1       0.000    0.02
    pivot                         1       0.000    0.01
   tri-init                       1       0.000    0.03
    tri-init-elec                 1       0.000    0.01
     TS-rgn2tri                   1       0.000    0.00
    TS-rgn2tri                    1       0.000    0.01
   TBT                            1       0.913   97.06
    proj_init                     1       0.007    0.76
    read-GS                     100       0.082    8.70
    SE-dwn                      100       0.013    1.40
     ts_expand                  200       0.000    0.01
    Proj-Gam                    100       0.088    9.39
    Gf-prep                     100       0.061    6.51
     V_TM_Pinv                  100       0.061    6.43
    analysis                    100       0.077    8.22
    analysis-proj               100       0.556   59.12
    cdf2ascii                     1       0.005    0.54
>> End of run:  25-JUL-2024  20:47:23
