Executable      : siesta
Version         : 5.1-MaX-24-gc2193a788
Architecture    : x86_64
Compiler version: GNU-12.3.0
Compiler flags  : -DSIESTA__METIS -fallow-argument-mismatch -O3 -march=native
Environment variables: 
  SIESTA_PS_PATH: ../../../static/siesta/PD_sr_standard_05
Parallelisations: MPI
NetCDF support
NetCDF-4 support
NetCDF-4 MPI-IO support
METIS ordering support
Lua support
Native ELPA support
DFT-D3 support

Runtime information:
* Directory : /home/nicpa/codes/sisl-files/tests/wannier90/silicon
* Running in serial mode (only 1 MPI rank).
>> Start of run:  22-MAY-2024  22:00:42

                           *********************** 
                           *  WELCOME TO SIESTA  * 
                           *********************** 

reinit: Reading from file silicon.fdf

reinit: -----------------------------------------------------------------------
reinit: System Name: silicon: occupied bonding wannier functions
reinit: -----------------------------------------------------------------------
reinit: System Label: silicon
reinit: -----------------------------------------------------------------------

initatom: Reading input for the pseudopotentials and atomic orbitals ----------
Species number:   1 Atomic number:   14 Label: Si


---- Processing specs for species: Si
Ground state valence configuration:   3s02  3p02
Reading pseudopotential information in PSML from:
  ../../../static/siesta/PD_sr_standard_05/Si.psml
PSML file version: 1.1
Using libxc ids:  101 130
GGA--PBE XC_GGA_X_PBE--XC_GGA_C_PBE pb
PSML uuid: 78f1be70-be41-11e7-6330-179677bb7285

---- Pseudopotential check for Si

Pseudized shells:
3s( 2.00) rc: 1.60
3p( 2.00) rc: 1.72
3d( 0.00) rc: 1.92
Valence configuration for ps generation: 3s:3p: Total charge:   4.000000
For Si, standard SIESTA heuristics set lmxkb to 3
 (one more than the basis l, including polarization orbitals).
Use PS.lmax or PS.KBprojectors blocks to override.
Si pseudopotential only contains V_ls up to l=2 -- lmxkb reset.

<basis_specs>
===============================================================================
Si                   Z=  14    Mass=  28.090        Charge= 0.17977+309
Lmxo=2 Lmxkb= 2    BasisType=split      Semic=F
L=0  Nsemic=0  Cnfigmx=3
          i=1  nzeta=2  polorb=0  (3s)
            splnorm:   0.15000    
               vcte:    40.000    
               rinn:  -0.90000    
               qcoe:    0.0000    
               qyuk:    0.0000    
               qwid:   0.10000E-01
                rcs:    0.0000      0.0000    
            lambdas:    1.0000      1.0000    
L=1  Nsemic=0  Cnfigmx=3
          i=1  nzeta=2  polorb=1  (3p)  (to be polarized perturbatively)
            splnorm:   0.15000    
               vcte:    40.000    
               rinn:  -0.90000    
               qcoe:    0.0000    
               qyuk:    0.0000    
               qwid:   0.10000E-01
                rcs:    0.0000      0.0000    
            lambdas:    1.0000      1.0000    
L=2  Nsemic=0  Cnfigmx=3
          i=1  nzeta=0  polorb=0  (3d)  (perturbative polarization orbital) (from 3p)
-------------------------------------------------------------------------------
L=0  Nkbl=1  erefs: 0.17977+309
L=1  Nkbl=1  erefs: 0.17977+309
L=2  Nkbl=1  erefs: 0.17977+309
===============================================================================
</basis_specs>

Using PAO.SplitTailNorm
atom: Called for Si                    (Z =  14)
Maximum radius (at nrval) set to   50.00000 8518

read_vps: Pseudopotential generation method:
read_vps: ONCVPSP-3.Hamann's oncvpsp                        
Valence charge in pseudo generation:    4.00000

read_vps: Pseudopotential includes a core correction:
read_vps: Pseudo-core for xc-correction

xc_check: Exchange-correlation functional:
xc_check: Ceperley-Alder
xc_check: WARNING: Pseudopotential generated with GGA PBE functional
Got Vlocal (oncv-fit) from psml data
Choosing vlocal chloc cutoff:  4.644478
qtot up to nchloc:    4.00055554
atom: Maximum radius for chlocal:    4.64448
atom: Maximum radius for r*vlocal+2*Zval:    4.64448
Reading KB projs from Si psml data
Using scalar-relativistic projectors in PSML file

PSML: Kleinman-Bylander projectors: 
   l= 0   rc=  1.623671   Ekb= 10.337930
   l= 0   rc=  1.623671   Ekb=  1.659765
   l= 1   rc=  1.743879   Ekb=  5.142565
   l= 1   rc=  1.743879   Ekb=  1.156614
   l= 2   rc=  1.941952   Ekb= -4.854621
   l= 2   rc=  1.941952   Ekb= -0.976194

PSML: Total number of  Kleinman-Bylander projectors:  18
atom: -------------------------------------------------------------------------

atom: SANKEY-TYPE ORBITALS:
atom: Selected multiple-zeta basis: split     

SPLIT: Orbitals with angular momentum L= 0

SPLIT: Basis orbitals for state 3s

SPLIT: PAO cut-off radius determined from an
SPLIT: energy shift=  0.018375 Ry
Split based on tail norm

   izeta = 1
                 lambda =    1.000000
                     rc =    5.047285
                 energy =   -0.765365
                kinetic =    0.609788
    potential(screened) =   -1.375153
       potential(ionic) =   -3.811073

   izeta = 2
                 rmatch =    3.725306
              splitnorm =    0.150000
                 energy =   -0.376813
                kinetic =    1.368529
    potential(screened) =   -1.745342
       potential(ionic) =   -4.324470

SPLIT: Orbitals with angular momentum L= 1

SPLIT: Basis orbitals for state 3p

SPLIT: PAO cut-off radius determined from an
SPLIT: energy shift=  0.018375 Ry
Split based on tail norm

   izeta = 1
                 lambda =    1.000000
                     rc =    6.317023
                 energy =   -0.276610
                kinetic =    0.873528
    potential(screened) =   -1.150137
       potential(ionic) =   -3.387581

   izeta = 2
                 rmatch =    4.729017
              splitnorm =    0.150000
                 energy =   -0.144193
                kinetic =    1.348832
    potential(screened) =   -1.493025
       potential(ionic) =   -3.935531

POLgen: Perturbative polarization orbital with L=  2

POLgen: Polarization orbital for state 3p
Split based on tail norm

   izeta = 1
                     rc =    6.317023
                 energy =    0.368238
                kinetic =    1.594493
    potential(screened) =   -1.226255
       potential(ionic) =   -3.369158
atom: Total number of Sankey-type orbitals: 13

atm_pop: Valence configuration (for local Pseudopot. screening):
 3s( 2.00)                                                            
 3p( 2.00)                                                            
 3d( 0.00)                                                            
Vna: chval, zval:    4.00000   4.00000

Vna:  Cut-off radius for the neutral-atom potential:   6.317023
comcore: Pseudo-core radius Rcore=  2.875880

atom: _________________________________________________________________________

prinput: Basis input 

PAO.BasisType split     

%block ChemicalSpeciesLabel
    1   14 Si                      # Species index, atomic number, species label
%endblock ChemicalSpeciesLabel

%block PAO.Basis                 # Define Basis set
# WARNING: This information might be incomplete!
Si                    2                    # Species label, number of l-shells
 n=3   0   2                         # n, l, Nzeta 
   5.047      3.725   
   1.000      1.000   
 n=3   1   2 P   1                   # n, l, Nzeta, Polarization, NzetaPol
   6.317      4.729   
   1.000      1.000   
%endblock PAO.Basis

prinput: ----------------------------------------------------------------------

Dumping basis to NetCDF file Si.ion.nc
coor:   Atomic-coordinates input format  =     Fractional

siesta: Atomic coordinates (Bohr) and species
siesta:     -2.57500   2.57500   2.57500  1        1
siesta:      0.00000   0.00000   0.00000  1        2

siesta: System type = bulk      

initatomlists: Number of atoms, orbitals, and projectors:      2    26    36

siesta: ******************** Simulation parameters ****************************
siesta:
siesta: The following are some of the parameters of the simulation.
siesta: A complete list of the parameters used, including default values,
siesta: can be found in file out.fdf
siesta:
redata: Spin configuration                          = none
redata: Number of spin components                   = 1
redata: Time-Reversal Symmetry                      = T
redata: Spin spiral                                 = F
redata: Long output                                 =   F
redata: Number of Atomic Species                    =        1
redata: Charge density info will appear in .RHO file
redata: Write Mulliken Pop.                         = NO
redata: Matel table size (NRTAB)                    =     1024
redata: Mesh Cutoff                                 =   200.0000 Ry
redata: Net charge of the system                    =     0.0000 |e|
redata: Min. number of SCF Iter                     =        0
redata: Max. number of SCF Iter                     =       40
redata: SCF convergence failure will abort job
redata: SCF mix quantity                            = Hamiltonian
redata: Mix DM or H after convergence               =   F
redata: Recompute H after scf cycle                 =   F
redata: Mix DM in first SCF step                    =   T
redata: Write Pulay info on disk                    =   F
redata: New DM Occupancy tolerance                  = 0.000000000001
redata: No kicks to SCF
redata: DM Mixing Weight for Kicks                  =     0.5000
redata: Require Harris convergence for SCF          =   F
redata: Harris energy tolerance for SCF             =     0.000100 eV
redata: Require DM convergence for SCF              =   T
redata: DM tolerance for SCF                        =     0.000100
redata: Require EDM convergence for SCF             =   F
redata: EDM tolerance for SCF                       =     0.001000 eV
redata: Require H convergence for SCF               =   T
redata: Hamiltonian tolerance for SCF               =     0.001000 eV
redata: Require (free) Energy convergence for SCF   =   F
redata: (free) Energy tolerance for SCF             =     0.000100 eV
redata: Using DFT-D3 dispersion                     =   F
redata: Using Saved Data (generic)                  =   F
redata: Use continuation files for DM               =   T
redata: Neglect nonoverlap interactions             =   F
redata: Method of Calculation                       = Diagonalization
redata: Electronic Temperature                      =   299.9863 K
redata: Fix the spin of the system                  =   F
redata: Max. number of TDED Iter                    =        1
redata: Number of TDED substeps                     =        3
redata: Dynamics option                             = Single-point calculation
mix.SCF: Pulay mixing                            = Pulay
mix.SCF:    Variant                              = stable
mix.SCF:    History steps                        = 10
mix.SCF:    Linear mixing weight                 =     0.200000
mix.SCF:    Mixing weight                        =     0.200000
mix.SCF:    SVD condition                        = 0.1000E-07
redata: Save all siesta data in one NC              =   F
redata: ***********************************************************************

%block SCF.Mixers
  Pulay
%endblock SCF.Mixers

%block SCF.Mixer.Pulay
  # Mixing method
  method pulay
  variant stable

  # Mixing options
  weight 0.2000
  weight.linear 0.2000
  history 10
%endblock SCF.Mixer.Pulay

DM_history_depth set to one: no extrapolation allowed by default for geometry relaxation
Size of DM history Fstack: 1
Total number of electrons:     8.000000
Total ionic charge:     8.000000

* ProcessorY, Blocksize:    1  27


* Orbital distribution balance (max,min):    26    26

k-point displ. along   1 input, could be:     0.00    0.50
k-point displ. along   2 input, could be:     0.00    0.50
k-point displ. along   3 input, could be:     0.00    0.50
 Kpoints in:           48 . Kpoints trimmed:           44

siesta: k-grid: Number of k-points = 44
siesta: k-points from Monkhorst-Pack grid
siesta: k-cutoff (effective) =     7.708 Ang
siesta: k-point supercell and displacements
siesta: k-grid:     4     0     0      0.000
siesta: k-grid:     0     4     0      0.000
siesta: k-grid:     0     0     4      0.000

diag: Algorithm                                     = D&C
diag: Parallel over k                               =   F
diag: Use parallel 2D distribution                  =   F
diag: Parallel block-size                           = 27
diag: Parallel distribution                         =     1 x     1
diag: Used triangular part                          = Lower
diag: Absolute tolerance                            =  0.100E-15
diag: Orthogonalization factor                      =  0.100E-05
diag: Memory factor                                 =  1.0000
Using current reciprocal lattice vectors for BandLinesScale
Beware any cell changes by the end of the run
Using current reciprocal lattice vectors for BandLinesScale
Beware any cell changes by the end of the run

superc: Internal auxiliary supercell:     5 x     5 x     5  =     125
superc: Number of atoms, orbitals, and projectors:    250   3250   4500


ts: **************************************************************
ts: Save H and S matrices                           =    F
ts: Save DM and EDM matrices                        =    F
ts: Only save the overlap matrix S                  =    F
ts: **************************************************************

************************ Begin: TS CHECKS AND WARNINGS ************************
************************ End: TS CHECKS AND WARNINGS **************************


                     ====================================
                        Single-point calculation
                     ====================================

superc: Internal auxiliary supercell:     5 x     5 x     5  =     125
superc: Number of atoms, orbitals, and projectors:    250   3250   4500

outcell: Unit cell vectors (Ang):
        2.725263    0.000000    2.725263
        0.000000    2.725263    2.725263
        2.725263    2.725263    0.000000

outcell: Cell vector modules (Ang)   :    3.854103    3.854103    3.854103
outcell: Cell angles (23,13,12) (deg):     60.0000     60.0000     60.0000
outcell: Cell volume (Ang**3)        :     40.4814
<dSpData1D:S at geom step 0
  <sparsity:sparsity for geom step 0
    nrows_g=26 nrows=26 sparsity=28.4527 nnzs=19234, refcount: 7>
  <dData1D:(new from dSpData1D) n=19234, refcount: 1>
refcount: 1>
new_DM -- step:     1
Initializing Density Matrix...

Attempting to read DM from file... Failed...
DM filled with atomic data:
<dSpData2D:DM initialized from atoms
  <sparsity:sparsity for geom step 0
    nrows_g=26 nrows=26 sparsity=28.4527 nnzs=19234, refcount: 8>
  <dData2D:DM n=19234 m=1, refcount: 1>
refcount: 1>
No. of atoms with KB's overlaping orbs in proc 0. Max # of overlaps:      26     161

InitMesh: MESH = 30 x 30 x 30 = 27000
InitMesh: Mesh cutoff (required, used) =   200.000   251.182 Ry
New grid distribution [1]: sub = 2

stepf: Fermi-Dirac step function

siesta: Program's energy decomposition (eV):
siesta: Ebs     =       -72.861062
siesta: Eions   =       387.859309
siesta: Ena     =       122.665496
siesta: Ekin    =        83.567374
siesta: Enl     =        32.398620
siesta: Eso     =         0.000000
siesta: Edftu   =         0.000000
siesta: DEna    =         3.247689
siesta: DUscf   =         0.313568
siesta: DUext   =         0.000000
siesta: Ex      =       -71.376918
siesta: Ec      =       -12.470521
siesta: Exc     =       -83.847439
siesta: EbV     =         0.000000
siesta: eta*DQ  =         0.000000
siesta: Emadel  =         0.000000
siesta: Emeta   =         0.000000
siesta: Emolmec =         0.000000
siesta: Ekinion =         0.000000
siesta: Eharris =      -230.371460
siesta: Etot    =      -229.514001
siesta: FreeEng =      -229.514002

        iscf     Eharris(eV)        E_KS(eV)     FreeEng(eV)     dDmax    Ef(eV) dHmax(eV)
   scf:    1     -230.371460     -229.514001     -229.514002  1.578227 -3.931080  0.209540
timer: Routine,Calls,Time,% = IterSCF        1       0.142  15.72
   scf:    2     -229.518288     -229.516176     -229.516177  0.002159 -3.903760  0.154818
   scf:    3     -229.521217     -229.518971     -229.518974  0.006481 -3.823584  0.004580
   scf:    4     -229.518996     -229.518984     -229.518987  0.000951 -3.823087  0.000920
   scf:    5     -229.518984     -229.518984     -229.518987  0.000056 -3.822711  0.000021

SCF Convergence by DM+H criterion
max |DM_out - DM_in|         :     0.0000564956
max |H_out - H_in|      (eV) :     0.0000207640
SCF cycle converged after 5 iterations

Using DM_out to compute the final energy and forces
 E_bs from EDM:  -73.150710465239385     
No. of atoms with KB's overlaping orbs in proc 0. Max # of overlaps:      26     161

siesta: E_KS(eV) =             -229.5190

siesta: E_KS - E_eggbox =      -229.5190

siesta: Atomic forces (eV/Ang):
----------------------------------------
   Tot   -0.000000   -0.000000   -0.000000
----------------------------------------
   Max    0.000000
   Res    0.000000    sqrt( Sum f_i^2 / 3N )
----------------------------------------
   Max    0.000000    constrained

Stress tensor Voigt[x,y,z,yz,xz,xy] (kbar):       -2.66       -2.66       -2.66       -0.00       -0.00       -0.00
(Free)E + p*V (eV/cell)     -229.4517
Target enthalpy (eV/cell)     -229.5190
Computing bands...

diag: Algorithm                                     = D&C
diag: Parallel over k                               =   F
diag: Use parallel 2D distribution                  =   F
diag: Parallel block-size                           = 27
diag: Parallel distribution                         =     1 x     1
diag: Used triangular part                          = Lower
diag: Absolute tolerance                            =  0.100E-15
diag: Orthogonalization factor                      =  0.100E-05
diag: Memory factor                                 =  1.0000

siesta: Program's energy decomposition (eV):
siesta: Ebs     =       -73.150830
siesta: Eions   =       387.859309
siesta: Ena     =       122.665496
siesta: Ekin    =        83.112479
siesta: Enl     =        32.351656
siesta: Eso     =         0.000000
siesta: Edftu   =         0.000000
siesta: DEna    =         3.636783
siesta: DUscf   =         0.286957
siesta: DUext   =         0.000000
siesta: Ex      =       -71.251343
siesta: Ec      =       -12.461702
siesta: Exc     =       -83.713045
siesta: EbV     =         0.000000
siesta: eta*DQ  =         0.000000
siesta: Emadel  =         0.000000
siesta: Emeta   =         0.000000
siesta: Emolmec =         0.000000
siesta: Ekinion =         0.000000
siesta: Eharris =      -229.518984
siesta: Etot    =      -229.518984
siesta: FreeEng =      -229.518987

siesta: Final energy (eV):
siesta:  Band Struct. =     -73.150830
siesta:       Kinetic =      83.112479
siesta:       Hartree =      14.939419
siesta:         Edftu =       0.000000
siesta:       Eso     =       0.000000
siesta:    Ext. field =       0.000000
siesta:         Exch. =     -71.251343
siesta:         Corr. =     -12.461702
siesta:     Bulk bias =       0.000000
siesta:   Exch.-corr. =     -83.713045
siesta:  Ion-electron =     -98.336529
siesta:       Ion-ion =    -145.521308
siesta:       Ekinion =       0.000000
siesta: D3 dispersion =       0.000000
siesta:         Total =    -229.518984
siesta:         Fermi =      -3.822711

siesta: Stress tensor (static) (eV/Ang**3):
siesta:    -0.001662   -0.000000   -0.000000
siesta:    -0.000000   -0.001662   -0.000000
siesta:    -0.000000   -0.000000   -0.001662

siesta: Cell volume =         40.481359 Ang**3

siesta: Pressure (static):
siesta:                Solid            Molecule  Units
siesta:           0.00001810          0.00001810  Ry/Bohr**3
siesta:           0.00166186          0.00166186  eV/Ang**3
siesta:           2.66259130          2.66259130  kBar
(Free)E+ p_basis*V_orbitals  =        -228.294437
(Free)Eharris+ p_basis*V_orbitals  =        -228.294437

siesta2wannier90: Reading the silicon.nnkp file

read_nnkp: Checking info from the silicon.nnkp file
read_nnkp: Reading data about real lattice
read_nnkp:      - Real lattice is ok
read_nnkp: Reading data about reciprocal lattice
read_nnkp:      - Reciprocal lattice is ok
read_nnkp: Reading data about k-points
read_nnkp: Reading data about projection centers 
read_nnkp: Reading data about k-point neighbours 
read_nnkp: Reading data about excluded bands 

noccbands: Total number of electrons     8
noccbands: Number of occupied bands     4
number_bands_wannier: Number of bands for wannierization   
number_bands_wannier: before excluding bands             =     4    0

Number of bands for wannierization after excluding bands:    4    0
Bands to be wannierized: 
    1    2    3    4
 diagonalizeHk: Node, nincbands_loc_wannier =     0    4

switch_local_projection: Populating the relevant matrices for 
switch_local_projection: the post-processing interface with Wannier 90

compute_pw_matrix: Computing the matrix elements of a plane wave

mmn: Overlap matrices between periodic part of wavefunctions
mmn: written in silicon.mmn file
Registered Wannier projectors for manifold 1:
    33 trial_orbital: center =    0.000   0.000   0.000 Bohr
 zaxis  =    0.000   0.000   1.000
 xaxis  =    1.000   0.000   0.000
 yaxis  =    0.000   1.000   0.000
 zovera =    1.890 Bohr**-1
 r      =     1
 mr     =     1
 l      =    -3
 rcut   =    3.669 Bohr
 lmax   =     1
 basis? =     F
 orbital=     0
 gindex =     0
    34 trial_orbital: center =    0.000   0.000   0.000 Bohr
 zaxis  =    0.000   0.000   1.000
 xaxis  =    1.000   0.000   0.000
 yaxis  =    0.000   1.000   0.000
 zovera =    1.890 Bohr**-1
 r      =     1
 mr     =     2
 l      =    -3
 rcut   =    3.669 Bohr
 lmax   =     1
 basis? =     F
 orbital=     0
 gindex =     0
    35 trial_orbital: center =    0.000   0.000   0.000 Bohr
 zaxis  =    0.000   0.000   1.000
 xaxis  =    1.000   0.000   0.000
 yaxis  =    0.000   1.000   0.000
 zovera =    1.890 Bohr**-1
 r      =     1
 mr     =     3
 l      =    -3
 rcut   =    3.669 Bohr
 lmax   =     1
 basis? =     F
 orbital=     0
 gindex =     0
    36 trial_orbital: center =    0.000   0.000   0.000 Bohr
 zaxis  =    0.000   0.000   1.000
 xaxis  =    1.000   0.000   0.000
 yaxis  =    0.000   1.000   0.000
 zovera =    1.890 Bohr**-1
 r      =     1
 mr     =     4
 l      =    -3
 rcut   =    3.669 Bohr
 lmax   =     1
 basis? =     F
 orbital=     0
 gindex =     0

amn: Overlap matrices between trial projection functions and wavefunctions
amn: written in silicon.amn file

eig: Eigenvalues of the Hamiltonian 
eig: written in silicon.eigW file

siesta2wannier90: All the information dumped in the corresponding files
siesta2wannier90: End of the interface between Siesta and Wannier90

cite: Please see "silicon.bib" for an exhaustive BiBTeX file.
cite: Please clearly indicate Siesta version in published work: 5.1-MaX-24-gc2193a788
cite: This calculation has made use of the following articles
cite: which are encouraged to be cited in a published work.
        Primary SIESTA paper
          DOI: www.doi.org/10.1088/0953-8984/14/11/302


timer: Elapsed wall time (sec) =      12.108
timer: CPU execution times (sec):

Routine            Calls   Time/call    Tot.time        %
siesta                 1      12.090      12.090   100.00
Setup                  1       0.063       0.063     0.52
bands                  3       0.008       0.023     0.19
KSV_init               1       0.000       0.000     0.00
IterGeom               1       1.828       1.828    15.12
geom_init              1       0.698       0.698     5.78
state_init             1       0.080       0.080     0.66
hsparse                1       0.002       0.002     0.02
overlap                1       0.069       0.069     0.57
Setup_H0               1       0.519       0.519     4.29
naefs                  2       0.000       0.000     0.00
MolMec                 2       0.000       0.000     0.00
kinefsm                2       0.036       0.072     0.59
nlefsm                 2       0.160       0.320     2.64
DHSCF_Init             1       0.164       0.164     1.36
DHSCF1                 1       0.010       0.010     0.08
INITMESH               1       0.000       0.000     0.00
DHSCF2                 1       0.154       0.154     1.28
REMESH                 1       0.023       0.023     0.19
REORD                 29       0.000       0.001     0.01
PHION                  1       0.115       0.115     0.95
COMM_BSC              31       0.000       0.001     0.00
POISON                 8       0.002       0.013     0.11
fft                   16       0.001       0.011     0.09
setup_H                6       0.099       0.591     4.89
DHSCF                  7       0.137       0.957     7.91
DHSCF3                 7       0.098       0.688     5.69
rhoofd                 7       0.055       0.386     3.19
XC                     7       0.002       0.016     0.13
GXC-CellXC             7       0.002       0.016     0.13
gridxc@cellXC          7       0.002       0.016     0.13
vmat                   7       0.039       0.273     2.26
IterSCF                5       0.144       0.722     5.97
compute_dm             5       0.046       0.228     1.89
diagon                 5       0.046       0.228     1.89
c-eigval             282       0.000       0.104     0.86
c-buildHS            282       0.000       0.049     0.41
cdiag                566       0.000       0.122     1.01
cdiag1               566       0.000       0.077     0.64
cdiag2               566       0.000       0.009     0.07
cdiag3               566       0.000       0.033     0.27
c-eigvec             220       0.000       0.092     0.76
cdiag4               284       0.000       0.002     0.02
c-buildD             220       0.000       0.054     0.44
MIXER                  4       0.000       0.001     0.01
PostSCF                1       0.408       0.408     3.37
DHSCF4                 1       0.269       0.269     2.22
dfscf                  1       0.253       0.253     2.10
overfsm                1       0.005       0.005     0.04
writeHSX               1       0.000       0.000     0.00
state_analysis         1       0.000       0.000     0.00
siesta_move            1       0.000       0.000     0.00
Analysis               1      10.198      10.198    84.35
optical                1       0.000       0.000     0.00
siesta2wannier9        1      10.174      10.174    84.16
delk                   8       0.106       0.851     7.04
diagonalizeHk          1       0.028       0.028     0.23
Mmn                    1       0.156       0.156     1.29
overkkneig           512       0.000       0.140     1.16
Amn                    1       0.163       0.163     1.34
writeunk               1       8.976       8.976    74.24
  

>> End of run:  22-MAY-2024  22:00:54
Job completed
