 running on   12 total cores
 distrk:  each k-point on   12 cores,    1 groups
 distr:  one band on    1 cores,   12 groups
 using from now: INCAR     
 vasp.5.4.4.18Apr17-6-g9f103f2a35 (build Feb 29 2024 11:37:08) complex          
  
 POSCAR found type information on POSCAR  N  O 
 POSCAR found :  2 types and       2 ions
 scaLAPACK will be used

 ----------------------------------------------------------------------------- 
|                                                                             |
|           W    W    AA    RRRRR   N    N  II  N    N   GGGG   !!!           |
|           W    W   A  A   R    R  NN   N  II  NN   N  G    G  !!!           |
|           W    W  A    A  R    R  N N  N  II  N N  N  G       !!!           |
|           W WW W  AAAAAA  RRRRR   N  N N  II  N  N N  G  GGG   !            |
|           WW  WW  A    A  R   R   N   NN  II  N   NN  G    G                |
|           W    W  A    A  R    R  N    N  II  N    N   GGGG   !!!           |
|                                                                             |
|      For optimal performance we recommend to set                            |
|        NCORE= 4 - approx SQRT( number of cores)                             |
|      NCORE specifies how many cores store one orbital (NPAR=cpu/NCORE).     |
|      This setting can  greatly improve the performance of VASP for DFT.     |
|      The default,   NCORE=1            might be grossly inefficient         |
|      on modern multi-core architectures or massively parallel machines.     |
|      Do your own testing !!!!                                               |
|      Unfortunately you need to use the default for GW and RPA calculations. |
|      (for HF NCORE is supported but not extensively tested yet)             |
|                                                                             |
 ----------------------------------------------------------------------------- 


 ----------------------------------------------------------------------------- 
|                                                                             |
|  ADVICE TO THIS USER RUNNING 'VASP/VAMP'   (HEAR YOUR MASTER'S VOICE ...):  |
|                                                                             |
|      You have a (more or less) 'small supercell' and for smaller cells      |
|      it is recommended  to use the reciprocal-space projection scheme!      |
|      The real space optimization is not  efficient for small cells and it   |
|      is also less accurate ...                                              |
|      Therefore set LREAL=.FALSE. in the  INCAR file                         |
|                                                                             |
 ----------------------------------------------------------------------------- 

 LDA part: xc-table for Pade appr. of Perdew
 POSCAR, INCAR and KPOINTS ok, starting setup
 FFT: planning ...
 WAVECAR not read
 WARNING: random wavefunctions but no delay for mixing, default for NELMDL
 entering main loop
       N       E                     dE             d eps       ncg     rms          rms(c)
DAV:   1     0.381665114417E+02    0.38167E+02   -0.76400E+03    48   0.949E+02
DAV:   2    -0.109548681560E+02   -0.49121E+02   -0.49121E+02    60   0.182E+02
DAV:   3    -0.114863915329E+02   -0.53152E+00   -0.53152E+00    72   0.241E+01
DAV:   4    -0.114869167732E+02   -0.52524E-03   -0.52524E-03    60   0.683E-01
DAV:   5    -0.114869169193E+02   -0.14610E-06   -0.14600E-06    60   0.128E-02    0.759E+00
RMM:   6    -0.116393036824E+02   -0.15239E+00   -0.10254E+00    48   0.890E+00    0.323E+00
RMM:   7    -0.116670420352E+02   -0.27738E-01   -0.10942E-01    48   0.315E+00    0.157E+00
RMM:   8    -0.116468485680E+02    0.20193E-01   -0.38243E-02    48   0.157E+00    0.551E-01
RMM:   9    -0.116472317790E+02   -0.38321E-03   -0.30110E-03    48   0.484E-01    0.208E-01
RMM:  10    -0.116472988178E+02   -0.67039E-04   -0.71979E-04    48   0.258E-01
   1 F= -.11647299E+02 E0= -.11647299E+02  d E =-.144765E-12  mag=     0.9996
