redata: System Name                      = h_chain_vibra                                                                                                                                         
redata: System Label                     = h_chain_vibra                                                                                                                                         
Number of Atoms                  =     2
Lattice Constant    =    7.55890  Bohr
Lattice vectors (in units of Lattice Constant) =
           2.00000   0.00000   0.00000
           0.00000   5.00000   0.00000
           0.00000   0.00000   5.00000
Lattice vectors (in Bohr) =
          15.11781   0.00000   0.00000
           0.00000  37.79452   0.00000
           0.00000   0.00000  37.79452
lxmax    =     1
lymax    =     0
lzmax    =     0
Number of unit cells in Supercell  =     3
recoor: Atomic-coordinates input format  = Cartesian coordinates
recoor:                                    (in units of alat)
recoor: Atomic coordinates (Bohr) and species
recoor:    1     0.00000   3.77945   3.77945  1
recoor:    2     7.55890   3.77945   3.77945  1
Eigenvectors =   True
Computing Eigenvalues and Eigenvectors
  eigenvalue #           1  omega=  -850.04778759883004     
  eigenvalue #           2  omega=  -1.3763261003860804E-005
  eigenvalue #           3  omega=  -1.0044857662809705E-006
  eigenvalue #           4  omega=   7.8219718610757401E-006
  eigenvalue #           5  omega=   200.21884425585483     
  eigenvalue #           6  omega=   200.24884287557876     

 Writing eigenvalues and eigenvectors
 to output file h_chain_vibra.vectors                                                                                                                                 

  eigenvalue #           1  omega=  -849.78335357828030     
  eigenvalue #           2  omega=  -9.9174869964356045     
  eigenvalue #           3  omega=   3.1406002500660835     
  eigenvalue #           4  omega=   3.1436131374616800     
  eigenvalue #           5  omega=   200.19414321326195     
  eigenvalue #           6  omega=   200.22413814123240     
  eigenvalue #           1  omega=  -848.99062461956123     
  eigenvalue #           2  omega=  -19.824215101579981     
  eigenvalue #           3  omega=   6.2804382884189893     
  eigenvalue #           4  omega=   6.2864363904917280     
  eigenvalue #           5  omega=   200.12004598311091     
  eigenvalue #           6  omega=   200.15002995738939     
  eigenvalue #           1  omega=  -847.67131867962485     
  eigenvalue #           2  omega=  -29.709519011276676     
  eigenvalue #           3  omega=   9.4187520320100191     
  eigenvalue #           4  omega=   9.4277231219254887     
  eigenvalue #           5  omega=   199.99657025848799     
  eigenvalue #           6  omega=   200.02653638069401     
  eigenvalue #           1  omega=  -845.82829451414625     
  eigenvalue #           2  omega=  -39.562884543745831     
  eigenvalue #           3  omega=   12.554779655442292     
  eigenvalue #           4  omega=   12.566700100890476     
  eigenvalue #           5  omega=   199.82374552853932     
  eigenvalue #           6  omega=   199.85368750242512     
  eigenvalue #           1  omega=  -843.46554491937059     
  eigenvalue #           2  omega=  -49.374037289470614     
  eigenvalue #           3  omega=   15.687759720510382     
  eigenvalue #           4  omega=   15.702597179690954     
  eigenvalue #           5  omega=   199.60161307943579     
  eigenvalue #           6  omega=   199.63152544384965     
  eigenvalue #           1  omega=  -840.58818727202549     
  eigenvalue #           2  omega=  -59.133020575585100     
  eigenvalue #           3  omega=   18.816931306620500     
  eigenvalue #           4  omega=   18.834645306274766     
  eigenvalue #           5  omega=   199.33022599564399     
  eigenvalue #           6  omega=   199.36010434979428     
  eigenvalue #           1  omega=  -837.20245136836536     
  eigenvalue #           2  omega=  -68.830273127465929     
  eigenvalue #           3  omega=   21.941534142382093     
  eigenvalue #           4  omega=   21.962076383381451     
  eigenvalue #           5  omega=   199.00964916142681     
  eigenvalue #           6  omega=   199.03949038048810     
  eigenvalue #           1  omega=  -833.31566456337009     
  eigenvalue #           2  omega=  -78.456705659209888     
  eigenvalue #           3  omega=   25.060808738606930     
  eigenvalue #           4  omega=   25.084123358892249     
  eigenvalue #           5  omega=   198.63995926247514     
  eigenvalue #           6  omega=   198.66976170171401     
  eigenvalue #           1  omega=  -828.93623421079963     
  eigenvalue #           2  omega=  -88.003776056557768     
  eigenvalue #           3  omega=   28.173996523006370     
  eigenvalue #           4  omega=   28.200020367981701     
  eigenvalue #           5  omega=   198.22124478754762     
  eigenvalue #           6  omega=   198.25100847327883     
  eigenvalue #           1  omega=  -824.07362740417352     
  eigenvalue #           2  omega=  -97.463562833635663     
  eigenvalue #           3  omega=   31.280339976841489     
  eigenvalue #           4  omega=   31.309002891227603     
  eigenvalue #           5  omega=   197.75360602998225     
  eigenvalue #           6  omega=   197.78333283578991     
  eigenvalue #           1  omega=  -818.73834801774024     
  eigenvalue #           2  omega=  -106.82883652048758     
  eigenvalue #           3  omega=   34.379082773738730     
  eigenvalue #           4  omega=   34.410307918945328     
  eigenvalue #           5  omega=   197.23715508891726     
  eigenvalue #           6  omega=   197.26684889569017     
  eigenvalue #           1  omega=  -812.94191104509673     
  eigenvalue #           2  omega=  -116.09312860325996     
  eigenvalue #           3  omega=   37.469469920928560     
  eigenvalue #           4  omega=   37.503174118565205     
  eigenvalue #           5  omega=   196.67201587004794     
  eigenvalue #           6  omega=   196.70168270848649     
  eigenvalue #           1  omega=  -806.69681423124996     
  eigenvalue #           2  omega=  -125.25079759786782     
  eigenvalue #           3  omega=   40.550747903092073     
  eigenvalue #           4  omega=   40.586842003823719     
  eigenvalue #           5  omega=   196.05832408572326     
  eigenvalue #           6  omega=   196.08797226008278     
  eigenvalue #           1  omega=  -800.01650699158427     
  eigenvalue #           2  omega=  -134.29709179237952     
  eigenvalue #           3  omega=   43.622164829009492     
  eigenvalue #           4  omega=   43.660554105287119     
  eigenvalue #           5  omega=   195.39622725417402     
  eigenvalue #           6  omega=   195.42586744612171     
  eigenvalue #           1  omega=  -792.91535660837246     
  eigenvalue #           2  omega=  -143.22820814418003     
  eigenvalue #           3  omega=   46.682970581186801     
  eigenvalue #           4  omega=   46.723555141984868     
  eigenvalue #           5  omega=   194.68588469764896     
  eigenvalue #           6  omega=   194.71553004923129     
  eigenvalue #           1  omega=  -785.40861169215918     
  eigenvalue #           2  omega=  -152.04134676589629     
  eigenvalue #           3  omega=   49.732416968605392     
  eigenvalue #           4  omega=   49.775092194057599     
  eigenvalue #           5  omega=   193.92746753922506     
  eigenvalue #           6  omega=   193.95713371407416     
  eigenvalue #           1  omega=  -777.51236289156122     
  eigenvalue #           2  omega=  -160.73476038047849     
  eigenvalue #           3  omega=   52.769757882718210     
  eigenvalue #           4  omega=   52.814414876352295     
  eigenvalue #           5  omega=   193.12115869804092     
  eigenvalue #           6  omega=   193.15086392009394     
  eigenvalue #           1  omega=  -769.24350083083880     
  eigenvalue #           2  omega=  -169.30779807203319     
  eigenvalue #           3  omega=   55.794249456809375     
  eigenvalue #           4  omega=   55.840775512944717     
  eigenvalue #           5  omega=   192.26715288270233     
  eigenvalue #           6  omega=   192.29691795186466     
  eigenvalue #           1  omega=  -760.61967125004082     
  eigenvalue #           2  omega=  -177.76094260712202     
  eigenvalue #           3  omega=   58.805150228784164     
  eigenvalue #           4  omega=   58.853429312541685     
  eigenvalue #           5  omega=   191.36565658259175     
  eigenvalue #           6  omega=   191.39550486694819     
  eigenvalue #           1  omega=  -751.65922731776743     
  eigenvalue #           2  omega=  -186.09584055352587     
  eigenvalue #           3  omega=   61.801721307460951     
  eigenvalue #           4  omega=   61.851634544731006     
  eigenvalue #           5  omega=   190.41688805681565     
  eigenvalue #           6  omega=   190.44684546117634     
  eigenvalue #           1  omega=  -742.38117908175332     
  eigenvalue #           2  omega=  -194.31532438292783     
  eigenvalue #           3  omega=   64.783226542382792     
  eigenvalue #           4  omega=   64.834652717022877     
  eigenvalue #           5  omega=   189.42107732051170     
  eigenvalue #           6  omega=   189.45117223127619     
  eigenvalue #           1  omega=  -732.80514001781103     
  eigenvalue #           2  omega=  -202.42342571396642     
  eigenvalue #           3  omega=   67.748932697170943     
  eigenvalue #           4  omega=   67.801748752621933     
  eigenvalue #           5  omega=   188.37846612824509     
  eigenvalue #           6  omega=   188.40872933477874     
  eigenvalue #           1  omega=  -722.95127063341795     
  eigenvalue #           2  omega=  -210.42537883651326     
  eigenvalue #           3  omega=   70.698109626387591     
  eigenvalue #           4  omega=   70.752191168831331     
  eigenvalue #           5  omega=   187.28930795421192     
  eigenvalue #           6  omega=   187.31977254714718     
  eigenvalue #           1  omega=  -712.84021907881981     
  eigenvalue #           2  omega=  -218.32761366110472     
  eigenvalue #           3  omega=   73.630030455879350     
  eigenvalue #           4  omega=   73.685252255998321     
  eigenvalue #           5  omega=   186.15386796898133     
  eigenvalue #           6  omega=   186.18456921609888     
  eigenvalue #           1  omega=  -702.49305871632055     
  eigenvalue #           2  omega=  -226.13773726377241     
  eigenvalue #           3  omega=   76.543971766515767     
  eigenvalue #           4  omega=   76.600208256836709     
  eigenvalue #           5  omega=   184.97242301249804     
  eigenvalue #           6  omega=   185.00339821309373     
  eigenvalue #           1  omega=  -691.93122259806864     
  eigenvalue #           2  omega=  -233.86450325054463     
  eigenvalue #           3  omega=   79.439213781242685     
  eigenvalue #           4  omega=   79.496339545971324     
  eigenvalue #           5  omega=   183.74526156308536     
  eigenvalue #           6  omega=   183.77654988201482     
  eigenvalue #           1  omega=  -681.17643480474635     
  eigenvalue #           2  omega=  -241.51776825208225     
  eigenvalue #           3  omega=   82.315040555323662     
  eigenvalue #           4  omega=   82.372930809467675     
  eigenvalue #           5  omega=   182.47268370218694     
  eigenvalue #           6  omega=   182.50432598509096     
  eigenvalue #           1  omega=  -670.25063860293415     
  eigenvalue #           2  omega=  -249.10843498095807     
  eigenvalue #           3  omega=   85.170740169625560     
  eigenvalue #           4  omega=   85.229271224061577     
  eigenvalue #           5  omega=   181.15500107459735     
  eigenvalue #           6  omega=   181.18703964617634     
  eigenvalue #           1  omega=  -659.17592138849147     
  eigenvalue #           2  omega=  -256.64838144484719     
  eigenvalue #           3  omega=   88.005604926783633     
  eigenvalue #           4  omega=   88.064654635718782     
  eigenvalue #           5  omega=   179.79253684394445     
  eigenvalue #           6  omega=   179.82501529158222     
  eigenvalue #           1  omega=  -647.97443639812570     
  eigenvalue #           2  omega=  -264.15037610967869     
  eigenvalue #           3  omega=   90.818931550054131     
  eigenvalue #           4  omega=   90.878379737031850     
  eigenvalue #           5  omega=   178.38562564319722     
  eigenvalue #           6  omega=   178.41858858876776     
  eigenvalue #           1  omega=  -636.66832119265530     
  eigenvalue #           2  omega=  -271.62797904713381     
  eigenvalue #           3  omega=   93.610021384636909     
  eigenvalue #           4  omega=   93.669750242788197     
  eigenvalue #           5  omega=   176.93461351998579     
  eigenvalue #           6  omega=   176.96810638336751     
  eigenvalue #           1  omega=  -625.27961294469401     
  eigenvalue #           2  omega=  -279.09542937776769     
  eigenvalue #           3  omega=   96.378180601238213     
  eigenvalue #           4  omega=   96.438075062800593     
  eigenvalue #           5  omega=   175.43985787654213     
  eigenvalue #           6  omega=   175.47392663528302     
  eigenvalue #           1  omega=  -613.83016060215255     
  eigenvalue #           2  omega=  -286.56751962894793     
  eigenvalue #           3  omega=   99.122720401614174     
  eigenvalue #           4  omega=   99.182668470701458     
  eigenvalue #           5  omega=   173.90172740408337     
  eigenvalue #           6  omega=   173.93641835494373     
  eigenvalue #           1  omega=  -602.34153404887638     
  eigenvalue #           2  omega=  -294.05945795697284     
  eigenvalue #           3  omega=   101.84295722581453     
  eigenvalue #           4  omega=   101.90285026681543     
  eigenvalue #           5  omega=   172.32060201148263     
  eigenvalue #           6  omega=   172.35596154143468     
  eigenvalue #           1  omega=  -590.83493044698912     
  eigenvalue #           2  omega=  -301.58671952340171     
  eigenvalue #           3  omega=   104.53821296083306     
  eigenvalue #           4  omega=   104.59794593229022     
  eigenvalue #           5  omega=   170.69687274809831     
  eigenvalue #           6  omega=   170.73294712512811     
  eigenvalue #           1  omega=  -579.33107802473569     
  eigenvalue #           2  omega=  -309.16488865168952     
  eigenvalue #           3  omega=   107.20781515033772     
  eigenvalue #           4  omega=   107.26728677011774     
  eigenvalue #           5  omega=   169.03094172065727     
  eigenvalue #           6  omega=   169.06777691900024     
  eigenvalue #           1  omega=  -567.85013767246505     
  eigenvalue #           2  omega=  -316.80949370335441     
  eigenvalue #           3  omega=   109.85109720513377     
  eigenvalue #           4  omega=   109.91021002608204     
  eigenvalue #           5  omega=   167.32322200412261     
  eigenvalue #           6  omega=   167.36086358541559     
  eigenvalue #           1  omega=  -556.41160283366708     
  eigenvalue #           2  omega=  -324.53583688107477     
  eigenvalue #           3  omega=   112.46739861397877     
  eigenvalue #           4  omega=   112.52605897812205     
  eigenvalue #           5  omega=   165.57413754652589     
  eigenvalue #           6  omega=   165.61263062972145     
  eigenvalue #           1  omega=  -545.03419833829162     
  eigenvalue #           2  omega=  -332.35882136184620     
  eigenvalue #           3  omega=   115.05606515431434     
  eigenvalue #           4  omega=   115.11418297432476     
  eigenvalue #           5  omega=   163.78412306780012     
  eigenvalue #           6  omega=   163.82351244026498     
  eigenvalue #           1  omega=  -533.73577904344324     
  eigenvalue #           2  omega=  -340.29277824865716     
  eigenvalue #           3  omega=   117.61644910239438     
  eigenvalue #           4  omega=   117.67393738406510     
  eigenvalue #           5  omega=   161.95362395275646     
  eigenvalue #           6  omega=   161.99395441015631     
  eigenvalue #           1  omega=  -522.53322946984031     
  eigenvalue #           2  omega=  -348.35129574139410     
  eigenvalue #           3  omega=   120.14790944213296     
  eigenvalue #           4  omega=   120.20468339540277     
  eigenvalue #           5  omega=   160.08309613852725     
  eigenvalue #           6  omega=   160.12441320751995     
  eigenvalue #           1  omega=  -511.44236616589740     
  eigenvalue #           2  omega=  -356.54705253984247     
  eigenvalue #           3  omega=   122.64981207165124     
  eigenvalue #           4  omega=   122.70578752511557     
  eigenvalue #           5  omega=   158.17300599714576     
  eigenvalue #           6  omega=   158.21535732770658     
  eigenvalue #           1  omega=  -500.47784559296616     
  eigenvalue #           2  omega=  -364.89165649705023     
  eigenvalue #           3  omega=   125.12153000575864     
  eigenvalue #           4  omega=   125.17662055525648     
  eigenvalue #           5  omega=   156.22383021472052     
  eigenvalue #           6  omega=   156.26726821345514     
  eigenvalue #           1  omega=  -489.65308275499643     
  eigenvalue #           2  omega=  -373.39548708543015     
  eigenvalue #           3  omega=   127.56244357070894     
  eigenvalue #           4  omega=   127.61655522892811     
  eigenvalue #           5  omega=   154.23605567056106     
  eigenvalue #           6  omega=   154.28064261018520     
  eigenvalue #           1  omega=  -478.98019232224249     
  eigenvalue #           2  omega=  -382.06753359186456     
  eigenvalue #           3  omega=   129.97194058230778     
  eigenvalue #           4  omega=   130.02496097090315     
  eigenvalue #           5  omega=   152.21017932491588     
  eigenvalue #           6  omega=   152.25599789068866     
  eigenvalue #           1  omega=  -468.46998486435211     
  eigenvalue #           2  omega=  -390.91519988266344     
  eigenvalue #           3  omega=   132.34941648130695     
  eigenvalue #           4  omega=   132.40119043198490     
  eigenvalue #           5  omega=   150.14670814114316     
  eigenvalue #           6  omega=   150.19388555022815     
  eigenvalue #           1  omega=  -458.13213379346570     
  eigenvalue #           2  omega=  -399.94396330137283     
  eigenvalue #           3  omega=   134.69427433147627     
  eigenvalue #           4  omega=   134.74453879766682     
  eigenvalue #           5  omega=   148.04615913671481     
  eigenvalue #           6  omega=   148.09493193140395     
  eigenvalue #           1  omega=  -447.97608373473929     
  eigenvalue #           2  omega=  -409.15631977993769     
  eigenvalue #           3  omega=   137.00592420870103     
  eigenvalue #           4  omega=   137.05408067797154     
  eigenvalue #           5  omega=   145.90906003452238     
  eigenvalue #           6  omega=   145.96000136183966     
  eigenvalue #           1  omega=  -438.01779620542186     
  eigenvalue #           2  omega=  -418.54492165250565     
  eigenvalue #           3  omega=   139.28377773907269     
  eigenvalue #           4  omega=   139.32753124589473     
  eigenvalue #           5  omega=   143.73595475636961     
  eigenvalue #           6  omega=   143.79133503720331     
  eigenvalue #           1  omega=  -429.07929238234846     
  eigenvalue #           2  omega=  -427.29295028519300     
  eigenvalue #           3  omega=   141.40199856907890     
  eigenvalue #           4  omega=   141.51503400538320     
  eigenvalue #           5  omega=   141.53961753911966     
  eigenvalue #           6  omega=   141.75179870489632     
  eigenvalue #           1  omega=  -438.01779620542209     
  eigenvalue #           2  omega=  -418.54492165250554     
  eigenvalue #           3  omega=   139.28377773907263     
  eigenvalue #           4  omega=   139.32753124589468     
  eigenvalue #           5  omega=   143.73595475636961     
  eigenvalue #           6  omega=   143.79133503720331     
  eigenvalue #           1  omega=  -447.97608373473940     
  eigenvalue #           2  omega=  -409.15631977993746     
  eigenvalue #           3  omega=   137.00592420870097     
  eigenvalue #           4  omega=   137.05408067797146     
  eigenvalue #           5  omega=   145.90906003452235     
  eigenvalue #           6  omega=   145.96000136183966     
  eigenvalue #           1  omega=  -458.13213379346587     
  eigenvalue #           2  omega=  -399.94396330137266     
  eigenvalue #           3  omega=   134.69427433147629     
  eigenvalue #           4  omega=   134.74453879766688     
  eigenvalue #           5  omega=   148.04615913671483     
  eigenvalue #           6  omega=   148.09493193140401     
  eigenvalue #           1  omega=  -468.46998486435251     
  eigenvalue #           2  omega=  -390.91519988266310     
  eigenvalue #           3  omega=   132.34941648130689     
  eigenvalue #           4  omega=   132.40119043198484     
  eigenvalue #           5  omega=   150.14670814114328     
  eigenvalue #           6  omega=   150.19388555022815     
  eigenvalue #           1  omega=  -478.98019232224277     
  eigenvalue #           2  omega=  -382.06753359186428     
  eigenvalue #           3  omega=   129.97194058230778     
  eigenvalue #           4  omega=   130.02496097090309     
  eigenvalue #           5  omega=   152.21017932491594     
  eigenvalue #           6  omega=   152.25599789068880     
  eigenvalue #           1  omega=  -489.65308275499672     
  eigenvalue #           2  omega=  -373.39548708543003     
  eigenvalue #           3  omega=   127.56244357070887     
  eigenvalue #           4  omega=   127.61655522892809     
  eigenvalue #           5  omega=   154.23605567056109     
  eigenvalue #           6  omega=   154.28064261018523     
  eigenvalue #           1  omega=  -500.47784559296622     
  eigenvalue #           2  omega=  -364.89165649705023     
  eigenvalue #           3  omega=   125.12153000575869     
  eigenvalue #           4  omega=   125.17662055525646     
  eigenvalue #           5  omega=   156.22383021472061     
  eigenvalue #           6  omega=   156.26726821345520     
  eigenvalue #           1  omega=  -511.44236616589762     
  eigenvalue #           2  omega=  -356.54705253984218     
  eigenvalue #           3  omega=   122.64981207165117     
  eigenvalue #           4  omega=   122.70578752511548     
  eigenvalue #           5  omega=   158.17300599714576     
  eigenvalue #           6  omega=   158.21535732770644     
  eigenvalue #           1  omega=  -522.53322946984053     
  eigenvalue #           2  omega=  -348.35129574139387     
  eigenvalue #           3  omega=   120.14790944213294     
  eigenvalue #           4  omega=   120.20468339540275     
  eigenvalue #           5  omega=   160.08309613852734     
  eigenvalue #           6  omega=   160.12441320751998     
  eigenvalue #           1  omega=  -533.73577904344347     
  eigenvalue #           2  omega=  -340.29277824865704     
  eigenvalue #           3  omega=   117.61644910239431     
  eigenvalue #           4  omega=   117.67393738406501     
  eigenvalue #           5  omega=   161.95362395275652     
  eigenvalue #           6  omega=   161.99395441015633     
  eigenvalue #           1  omega=  -545.03419833829173     
  eigenvalue #           2  omega=  -332.35882136184620     
  eigenvalue #           3  omega=   115.05606515431427     
  eigenvalue #           4  omega=   115.11418297432469     
  eigenvalue #           5  omega=   163.78412306780015     
  eigenvalue #           6  omega=   163.82351244026503     
  eigenvalue #           1  omega=  -556.41160283366742     
  eigenvalue #           2  omega=  -324.53583688107466     
  eigenvalue #           3  omega=   112.46739861397874     
  eigenvalue #           4  omega=   112.52605897812197     
  eigenvalue #           5  omega=   165.57413754652595     
  eigenvalue #           6  omega=   165.61263062972142     
  eigenvalue #           1  omega=  -567.85013767246528     
  eigenvalue #           2  omega=  -316.80949370335429     
  eigenvalue #           3  omega=   109.85109720513368     
  eigenvalue #           4  omega=   109.91021002608201     
  eigenvalue #           5  omega=   167.32322200412264     
  eigenvalue #           6  omega=   167.36086358541564     
  eigenvalue #           1  omega=  -579.33107802473580     
  eigenvalue #           2  omega=  -309.16488865168952     
  eigenvalue #           3  omega=   107.20781515033769     
  eigenvalue #           4  omega=   107.26728677011765     
  eigenvalue #           5  omega=   169.03094172065727     
  eigenvalue #           6  omega=   169.06777691900029     
  eigenvalue #           1  omega=  -590.83493044698923     
  eigenvalue #           2  omega=  -301.58671952340154     
  eigenvalue #           3  omega=   104.53821296083301     
  eigenvalue #           4  omega=   104.59794593229016     
  eigenvalue #           5  omega=   170.69687274809834     
  eigenvalue #           6  omega=   170.73294712512819     
  eigenvalue #           1  omega=  -602.34153404887650     
  eigenvalue #           2  omega=  -294.05945795697272     
  eigenvalue #           3  omega=   101.84295722581449     
  eigenvalue #           4  omega=   101.90285026681539     
  eigenvalue #           5  omega=   172.32060201148263     
  eigenvalue #           6  omega=   172.35596154143460     
  eigenvalue #           1  omega=  -613.83016060215289     
  eigenvalue #           2  omega=  -286.56751962894782     
  eigenvalue #           3  omega=   99.122720401614117     
  eigenvalue #           4  omega=   99.182668470701429     
  eigenvalue #           5  omega=   173.90172740408337     
  eigenvalue #           6  omega=   173.93641835494378     
  eigenvalue #           1  omega=  -625.27961294469412     
  eigenvalue #           2  omega=  -279.09542937776763     
  eigenvalue #           3  omega=   96.378180601238199     
  eigenvalue #           4  omega=   96.438075062800536     
  eigenvalue #           5  omega=   175.43985787654216     
  eigenvalue #           6  omega=   175.47392663528299     
  eigenvalue #           1  omega=  -636.66832119265541     
  eigenvalue #           2  omega=  -271.62797904713364     
  eigenvalue #           3  omega=   93.610021384636909     
  eigenvalue #           4  omega=   93.669750242788211     
  eigenvalue #           5  omega=   176.93461351998587     
  eigenvalue #           6  omega=   176.96810638336760     
  eigenvalue #           1  omega=  -647.97443639812582     
  eigenvalue #           2  omega=  -264.15037610967840     
  eigenvalue #           3  omega=   90.818931550054089     
  eigenvalue #           4  omega=   90.878379737031835     
  eigenvalue #           5  omega=   178.38562564319727     
  eigenvalue #           6  omega=   178.41858858876779     
  eigenvalue #           1  omega=  -659.17592138849159     
  eigenvalue #           2  omega=  -256.64838144484713     
  eigenvalue #           3  omega=   88.005604926783576     
  eigenvalue #           4  omega=   88.064654635718739     
  eigenvalue #           5  omega=   179.79253684394442     
  eigenvalue #           6  omega=   179.82501529158219     
  eigenvalue #           1  omega=  -670.25063860293426     
  eigenvalue #           2  omega=  -249.10843498095807     
  eigenvalue #           3  omega=   85.170740169625404     
  eigenvalue #           4  omega=   85.229271224061520     
  eigenvalue #           5  omega=   181.15500107459735     
  eigenvalue #           6  omega=   181.18703964617637     
  eigenvalue #           1  omega=  -681.17643480474646     
  eigenvalue #           2  omega=  -241.51776825208242     
  eigenvalue #           3  omega=   82.315040555323577     
  eigenvalue #           4  omega=   82.372930809467618     
  eigenvalue #           5  omega=   182.47268370218694     
  eigenvalue #           6  omega=   182.50432598509093     
  eigenvalue #           1  omega=  -691.93122259806887     
  eigenvalue #           2  omega=  -233.86450325054446     
  eigenvalue #           3  omega=   79.439213781242572     
  eigenvalue #           4  omega=   79.496339545971210     
  eigenvalue #           5  omega=   183.74526156308542     
  eigenvalue #           6  omega=   183.77654988201485     
  eigenvalue #           1  omega=  -702.49305871632077     
  eigenvalue #           2  omega=  -226.13773726377241     
  eigenvalue #           3  omega=   76.543971766515526     
  eigenvalue #           4  omega=   76.600208256836311     
  eigenvalue #           5  omega=   184.97242301249793     
  eigenvalue #           6  omega=   185.00339821309367     
  eigenvalue #           1  omega=  -712.84021907881981     
  eigenvalue #           2  omega=  -218.32761366110503     
  eigenvalue #           3  omega=   73.630030455879364     
  eigenvalue #           4  omega=   73.685252255998179     
  eigenvalue #           5  omega=   186.15386796898133     
  eigenvalue #           6  omega=   186.18456921609885     
  eigenvalue #           1  omega=  -722.95127063341818     
  eigenvalue #           2  omega=  -210.42537883651306     
  eigenvalue #           3  omega=   70.698109626387463     
  eigenvalue #           4  omega=   70.752191168831217     
  eigenvalue #           5  omega=   187.28930795421192     
  eigenvalue #           6  omega=   187.31977254714724     
  eigenvalue #           1  omega=  -732.80514001781125     
  eigenvalue #           2  omega=  -202.42342571396642     
  eigenvalue #           3  omega=   67.748932697170915     
  eigenvalue #           4  omega=   67.801748752621705     
  eigenvalue #           5  omega=   188.37846612824515     
  eigenvalue #           6  omega=   188.40872933477874     
  eigenvalue #           1  omega=  -742.38117908175354     
  eigenvalue #           2  omega=  -194.31532438292729     
  eigenvalue #           3  omega=   64.783226542382650     
  eigenvalue #           4  omega=   64.834652717022735     
  eigenvalue #           5  omega=   189.42107732051170     
  eigenvalue #           6  omega=   189.45117223127622     
  eigenvalue #           1  omega=  -751.65922731776743     
  eigenvalue #           2  omega=  -186.09584055352539     
  eigenvalue #           3  omega=   61.801721307461023     
  eigenvalue #           4  omega=   61.851634544730857     
  eigenvalue #           5  omega=   190.41688805681568     
  eigenvalue #           6  omega=   190.44684546117634     
  eigenvalue #           1  omega=  -760.61967125004105     
  eigenvalue #           2  omega=  -177.76094260712173     
  eigenvalue #           3  omega=   58.805150228784058     
  eigenvalue #           4  omega=   58.853429312541572     
  eigenvalue #           5  omega=   191.36565658259175     
  eigenvalue #           6  omega=   191.39550486694822     
  eigenvalue #           1  omega=  -769.24350083083891     
  eigenvalue #           2  omega=  -169.30779807203319     
  eigenvalue #           3  omega=   55.794249456809197     
  eigenvalue #           4  omega=   55.840775512944816     
  eigenvalue #           5  omega=   192.26715288270233     
  eigenvalue #           6  omega=   192.29691795186469     
  eigenvalue #           1  omega=  -777.51236289156145     
  eigenvalue #           2  omega=  -160.73476038047883     
  eigenvalue #           3  omega=   52.769757882718181     
  eigenvalue #           4  omega=   52.814414876352082     
  eigenvalue #           5  omega=   193.12115869804094     
  eigenvalue #           6  omega=   193.15086392009388     
  eigenvalue #           1  omega=  -785.40861169215930     
  eigenvalue #           2  omega=  -152.04134676589629     
  eigenvalue #           3  omega=   49.732416968605285     
  eigenvalue #           4  omega=   49.775092194057372     
  eigenvalue #           5  omega=   193.92746753922509     
  eigenvalue #           6  omega=   193.95713371407416     
  eigenvalue #           1  omega=  -792.91535660837280     
  eigenvalue #           2  omega=  -143.22820814417923     
  eigenvalue #           3  omega=   46.682970581186787     
  eigenvalue #           4  omega=   46.723555141984704     
  eigenvalue #           5  omega=   194.68588469764899     
  eigenvalue #           6  omega=   194.71553004923126     
  eigenvalue #           1  omega=  -800.01650699158438     
  eigenvalue #           2  omega=  -134.29709179237949     
  eigenvalue #           3  omega=   43.622164829009627     
  eigenvalue #           4  omega=   43.660554105286948     
  eigenvalue #           5  omega=   195.39622725417405     
  eigenvalue #           6  omega=   195.42586744612166     
  eigenvalue #           1  omega=  -806.69681423125019     
  eigenvalue #           2  omega=  -125.25079759786807     
  eigenvalue #           3  omega=   40.550747903092095     
  eigenvalue #           4  omega=   40.586842003823762     
  eigenvalue #           5  omega=   196.05832408572337     
  eigenvalue #           6  omega=   196.08797226008284     
  eigenvalue #           1  omega=  -812.94191104509696     
  eigenvalue #           2  omega=  -116.09312860325944     
  eigenvalue #           3  omega=   37.469469920928518     
  eigenvalue #           4  omega=   37.503174118564907     
  eigenvalue #           5  omega=   196.67201587004791     
  eigenvalue #           6  omega=   196.70168270848649     
  eigenvalue #           1  omega=  -818.73834801774024     
  eigenvalue #           2  omega=  -106.82883652048756     
  eigenvalue #           3  omega=   34.379082773738673     
  eigenvalue #           4  omega=   34.410307918945165     
  eigenvalue #           5  omega=   197.23715508891726     
  eigenvalue #           6  omega=   197.26684889569017     
  eigenvalue #           1  omega=  -824.07362740417375     
  eigenvalue #           2  omega=  -97.463562833635066     
  eigenvalue #           3  omega=   31.280339976841589     
  eigenvalue #           4  omega=   31.309002891227482     
  eigenvalue #           5  omega=   197.75360602998234     
  eigenvalue #           6  omega=   197.78333283578988     
  eigenvalue #           1  omega=  -828.93623421079963     
  eigenvalue #           2  omega=  -88.003776056557768     
  eigenvalue #           3  omega=   28.173996523006473     
  eigenvalue #           4  omega=   28.200020367981697     
  eigenvalue #           5  omega=   198.22124478754768     
  eigenvalue #           6  omega=   198.25100847327877     
  eigenvalue #           1  omega=  -833.31566456337021     
  eigenvalue #           2  omega=  -78.456705659210272     
  eigenvalue #           3  omega=   25.060808738606774     
  eigenvalue #           4  omega=   25.084123358892402     
  eigenvalue #           5  omega=   198.63995926247523     
  eigenvalue #           6  omega=   198.66976170171407     
  eigenvalue #           1  omega=  -837.20245136836536     
  eigenvalue #           2  omega=  -68.830273127465929     
  eigenvalue #           3  omega=   21.941534142382206     
  eigenvalue #           4  omega=   21.962076383381284     
  eigenvalue #           5  omega=   199.00964916142672     
  eigenvalue #           6  omega=   199.03949038048810     
  eigenvalue #           1  omega=  -840.58818727202561     
  eigenvalue #           2  omega=  -59.133020575585618     
  eigenvalue #           3  omega=   18.816931306619900     
  eigenvalue #           4  omega=   18.834645306274979     
  eigenvalue #           5  omega=   199.33022599564393     
  eigenvalue #           6  omega=   199.36010434979423     
  eigenvalue #           1  omega=  -843.46554491937059     
  eigenvalue #           2  omega=  -49.374037289471232     
  eigenvalue #           3  omega=   15.687759720510195     
  eigenvalue #           4  omega=   15.702597179690713     
  eigenvalue #           5  omega=   199.60161307943579     
  eigenvalue #           6  omega=   199.63152544384968     
  eigenvalue #           1  omega=  -845.82829451414625     
  eigenvalue #           2  omega=  -39.562884543745078     
  eigenvalue #           3  omega=   12.554779655442514     
  eigenvalue #           4  omega=   12.566700100890589     
  eigenvalue #           5  omega=   199.82374552853940     
  eigenvalue #           6  omega=   199.85368750242517     
  eigenvalue #           1  omega=  -847.67131867962485     
  eigenvalue #           2  omega=  -29.709519011276686     
  eigenvalue #           3  omega=   9.4187520320103690     
  eigenvalue #           4  omega=   9.4277231219254887     
  eigenvalue #           5  omega=   199.99657025848802     
  eigenvalue #           6  omega=   200.02653638069398     
  eigenvalue #           1  omega=  -848.99062461956123     
  eigenvalue #           2  omega=  -19.824215101580457     
  eigenvalue #           3  omega=   6.2804382884189458     
  eigenvalue #           4  omega=   6.2864363904904890     
  eigenvalue #           5  omega=   200.12004598311094     
  eigenvalue #           6  omega=   200.15002995738939     
  eigenvalue #           1  omega=  -849.78335357828030     
  eigenvalue #           2  omega=  -9.9174869964355992     
  eigenvalue #           3  omega=   3.1406002500661683     
  eigenvalue #           4  omega=   3.1436131374625544     
  eigenvalue #           5  omega=   200.19414321326198     
  eigenvalue #           6  omega=   200.22413814123237     
  eigenvalue #           1  omega=  -850.04778759883004     
  eigenvalue #           2  omega=  -1.3763898276918911E-005
  eigenvalue #           3  omega=  -3.3728860944704309E-007
  eigenvalue #           4  omega=   7.8261747589034198E-006
  eigenvalue #           5  omega=   200.21884425585475     
  eigenvalue #           6  omega=   200.24884287557876     
 Zero point energy =             0.031535 eV
