Executable      : siesta
Version         : 5.1-MaX-42-gb6955e60a
Architecture    : x86_64
Compiler version: GNU-12.3.0
Compiler flags  : -DSIESTA__METIS -fallow-argument-mismatch -O3 -march=native
Environment variables: 
  SIESTA_PS_PATH: ../../../static/siesta/PD_fr_standard_04
Parallelisations: MPI
NetCDF support
NetCDF-4 support
NetCDF-4 MPI-IO support
METIS ordering support
Lua support
Native ELPA support
DFT-D3 support

Runtime information:
* Directory : /home/nicpa/codes/sisl-files/tests/siesta/Pt2_soc
* Running on 4 nodes in parallel.
>> Start of run:  25-JUL-2024   9:43:20

                           *********************** 
                           *  WELCOME TO SIESTA  * 
                           *********************** 

 NOTE: Siesta V5 introduces some new defaults for basis-set generation
 NOTE: which might lead to slightly different numerical results.
 NOTE: Please see the manual for full details and compatibility measures.


reinit: Reading from file Pt2.fdf

reinit: -----------------------------------------------------------------------
reinit: System Name: Pt2 X-alignment x
reinit: -----------------------------------------------------------------------
reinit: System Label: Pt2_xx
reinit: -----------------------------------------------------------------------

NOTE on units for spin output: 
{S} is the spin magnetic moment, in units of the Bohr magneton,
assuming a g-factor for the electron spin of exactly 2.
The spin magnetic moment is then numerically equal to the charge inbalance,
in units of electrons, between the spin-up and -down channels.


initatom: Reading input for the pseudopotentials and atomic orbitals ----------
Species number:   1 Atomic number:   78 Label: Pt

Ground state valence configuration (from tables):   6s01  6p00  5d09  5f00

---- Processing specs for species: Pt
Reading pseudopotential information in PSML from:
  ../../../static/siesta/PD_fr_standard_04/Pt.psml
PSML file version: 1.1
Using libxc ids:  101 130
GGA--PBE XC_GGA_X_PBE--XC_GGA_C_PBE pb
PSML uuid: b6280490-47ec-11e8-4c86-b00dbff819fd
Semicore shell(s) with  8 electrons included in the valence for Pt

---- Pseudopotential check for Pt

Pseudopotential generated from a fully relativistic atomic calculation
There are spin-orbit semi-local pseudopotentials available

Pseudized shells:
5s( 2.00) rc: 1.46
5p( 6.00) rc: 1.46
5d( 9.00) rc: 1.46
5f( 0.00) rc: 1.92
Valence configuration for ps generation: 5s:5p:5d:6s: Total charge:  18.000000
Semicore shell(s): 5s 5p
Fallback to non-perturbative polarization scheme for Pt
Please see the manual if this is not desired in principle
For Pt, standard SIESTA heuristics set lmxkb to 3
 (one more than the basis l, including polarization orbitals).
Use PS.lmax or PS.KBprojectors blocks to override.

<basis_specs>
===============================================================================
Pt                   Z=  78    Mass=  195.08        Charge= 0.17977+309
Lmxo=2 Lmxkb= 3    BasisType=split      Semic=T
L=0  Nsemic=1  Cnfigmx=6
          i=1  nzeta=1  polorb=0  (5s)  (semicore shell)
            splnorm:   0.15000    
               vcte:    40.000    
               rinn:  -0.90000    
               qcoe:    0.0000    
               qyuk:    0.0000    
               qwid:   0.10000E-01
                rcs:    0.0000    
            lambdas:    1.0000    
          i=2  nzeta=2  polorb=0  (6s)  (to be polarized non-perturbatively)
            splnorm:   0.15000    
               vcte:    40.000    
               rinn:  -0.90000    
               qcoe:    0.0000    
               qyuk:    0.0000    
               qwid:   0.10000E-01
                rcs:    0.0000      0.0000    
            lambdas:    1.0000      1.0000    
L=1  Nsemic=1  Cnfigmx=6
          i=1  nzeta=1  polorb=0  (5p)  (semicore shell)
            splnorm:   0.15000    
               vcte:    40.000    
               rinn:  -0.90000    
               qcoe:    0.0000    
               qyuk:    0.0000    
               qwid:   0.10000E-01
                rcs:    0.0000    
            lambdas:    1.0000    
          i=2  nzeta=1  polorb=0  (6p)  (non-perturbative polarization shell)
            splnorm:   0.15000    
               vcte:    40.000    
               rinn:  -0.90000    
               qcoe:   0.11460-309
               qyuk:   0.69533-309
               qwid:   0.11460-309
                rcs:    0.0000    
            lambdas:    1.0000    
L=2  Nsemic=0  Cnfigmx=5
          i=1  nzeta=2  polorb=0  (5d)
            splnorm:   0.15000    
               vcte:    40.000    
               rinn:  -0.90000    
               qcoe:    0.0000    
               qyuk:    0.0000    
               qwid:   0.10000E-01
                rcs:    0.0000      0.0000    
            lambdas:    1.0000      1.0000    
-------------------------------------------------------------------------------
L=0  Nkbl=2  erefs: 0.17977+309 0.17977+309
L=1  Nkbl=2  erefs: 0.17977+309 0.17977+309
L=2  Nkbl=1  erefs: 0.17977+309
L=3  Nkbl=1  erefs: 0.17977+309
===============================================================================
</basis_specs>

Using PAO.SplitTailNorm
atom: Called for Pt                    (Z =  78)
Maximum radius (at nrval) set to   50.00000 8518

read_vps: Pseudopotential generation method:
read_vps: ONCVPSP-3.Hamann's oncvpsp                        
Valence charge in pseudo generation:   18.00000

read_vps: Pseudopotential includes a core correction:
read_vps: Pseudo-core for xc-correction

xc_check: Exchange-correlation functional:
xc_check: GGA Perdew, Burke & Ernzerhof 1996
Got Vlocal (oncv-fit) from psml data
Choosing vlocal chloc cutoff:  3.472776
qtot up to nchloc:   18.00003157
atom: Maximum radius for chlocal:    3.47278
atom: Maximum radius for r*vlocal+2*Zval:    3.47278
Reading KB projs from Pt psml data
Using lj projectors in PSML file

PSML: Kleinman-Bylander projectors: 
   l= 0   rc=  1.475616   Ekb=  3.424466
   l= 0   rc=  1.475616   Ekb= 35.665561
j- l= 1   rc=  1.475616   Ekb=  2.731240
j+ l= 1   rc=  1.475616   Ekb=  2.360373
j- l= 1   rc=  1.475616   Ekb= 17.598284
j+ l= 1   rc=  1.475616   Ekb= 16.486123
j- l= 2   rc=  1.475616   Ekb=  0.725038
j+ l= 2   rc=  1.475616   Ekb=  0.682945
j- l= 2   rc=  1.475616   Ekb=  4.555245
j+ l= 2   rc=  1.475616   Ekb=  4.955672
j- l= 3   rc=  1.941952   Ekb=  0.788713
j+ l= 3   rc=  1.941952   Ekb=  0.749863
j- l= 3   rc=  1.941952   Ekb=  6.692123
j+ l= 3   rc=  1.941952   Ekb=  7.204478

PSML: Total number of  Kleinman-Bylander projectors:  62
atom: -------------------------------------------------------------------------

atom: SANKEY-TYPE ORBITALS:
atom: Selected multiple-zeta basis: split     

SPLIT: Orbitals with angular momentum L= 0

SPLIT: Basis orbitals for state 5s

SPLIT: PAO cut-off radius determined from an
SPLIT: energy shift=  0.007350 Ry
Split based on tail norm

   izeta = 1
                 lambda =    1.000000
                     rc =    2.562376
                 energy =   -7.455446
                kinetic =    2.925297
    potential(screened) =  -10.380743
       potential(ionic) =  -34.700637

SPLIT: Basis orbitals for state 6s

SPLIT: PAO cut-off radius determined from an
SPLIT: energy shift=  0.007350 Ry
Split based on tail norm

   izeta = 1
                 lambda =    1.000000
                     rc =    6.641416
                 energy =   -0.478739
                kinetic =    1.339768
    potential(screened) =   -1.818507
       potential(ionic) =  -15.873177

   izeta = 2
                 rmatch =    4.767082
              splitnorm =    0.150000
                 energy =   -0.296979
                kinetic =    2.390190
    potential(screened) =   -2.687169
       potential(ionic) =  -19.236507

SPLIT: Orbitals with angular momentum L= 1

SPLIT: Basis orbitals for state 5p

SPLIT: PAO cut-off radius determined from an
SPLIT: energy shift=  0.007350 Ry
Split based on tail norm

   izeta = 1
                 lambda =    1.000000
                     rc =    3.020810
                 energy =   -4.135266
                kinetic =    4.725788
    potential(screened) =   -8.861054
       potential(ionic) =  -32.078940

SPLIT: Basis orbitals for state 6p
SPLIT: Non-perturbative polarization orbs for state 6s
SPLIT: rc(1st zeta) (re)set to: 6.6414 (expansion factor: 1.0000)
Split based on tail norm

   izeta = 1
                 lambda =    1.000000
                     rc =    6.641416
                 energy =    0.025480
                kinetic =    1.033845
    potential(screened) =   -1.008364
       potential(ionic) =  -12.143577

SPLIT: Orbitals with angular momentum L= 2

SPLIT: Basis orbitals for state 5d

SPLIT: PAO cut-off radius determined from an
SPLIT: energy shift=  0.007350 Ry
Split based on tail norm

   izeta = 1
                 lambda =    1.000000
                     rc =    5.067555
                 energy =   -0.443467
                kinetic =    4.630976
    potential(screened) =   -5.074443
       potential(ionic) =  -24.460270

   izeta = 2
                 rmatch =    3.342914
              splitnorm =    0.150000
                 energy =   -0.296106
                kinetic =    5.933164
    potential(screened) =   -6.229269
       potential(ionic) =  -27.246761
atom: Total number of Sankey-type orbitals: 19

atm_pop: Valence configuration (for local Pseudopot. screening):
 5s( 2.00) 6s( 1.00)                                                  
 5p( 6.00) 6p( 0.00)                                                  
 5d( 9.00)                                                            
Vna: chval, zval:   18.00000  18.00000

Vna:  Cut-off radius for the neutral-atom potential:   6.641416
comcore: Pseudo-core radius Rcore=  2.672716

atom: _________________________________________________________________________

prinput: Basis input 

PAO.BasisType split     

%block ChemicalSpeciesLabel
    1   78 Pt                      # Species index, atomic number, species label
%endblock ChemicalSpeciesLabel

%block PAO.Basis                 # Define Basis set
# WARNING: This information might be incomplete!
Pt                    5                    # Species label, number of l-shells
 n=5   0   1                         # n, l, Nzeta 
   2.562   
   1.000   
 n=6   0   2                         # n, l, Nzeta 
   6.641      4.767   
   1.000      1.000   
 n=5   1   1                         # n, l, Nzeta 
   3.021   
   1.000   
 n=6   1   1                         # n, l, Nzeta 
   6.641   
   1.000   
 n=5   2   2                         # n, l, Nzeta 
   5.068      3.343   
   1.000      1.000   
%endblock PAO.Basis

prinput: ----------------------------------------------------------------------

Dumping basis to NetCDF file Pt.ion.nc
coor:   Atomic-coordinates input format  =     Cartesian coordinates
coor:                                          (in Angstroms)

siesta: Atomic coordinates (Bohr) and species
siesta:     -2.26654   0.00000   0.00000  1        1
siesta:      2.26654   0.00000   0.00000  1        2

siesta: System type = molecule  

initatomlists: Number of atoms, orbitals, and projectors:      2    38   124

siesta: ******************** Simulation parameters ****************************
siesta:
siesta: The following are some of the parameters of the simulation.
siesta: A complete list of the parameters used, including default values,
siesta: can be found in file out.fdf
siesta:
redata: Spin configuration                          = spin-orbit+offsite
redata: Number of spin components                   = 8
redata: Time-Reversal Symmetry                      = F
redata: Spin spiral                                 = F
redata: Long output                                 =   F
redata: Number of Atomic Species                    =        1
redata: Charge density info will appear in .RHO file
redata: Write Mulliken Pop.                         = Atomic and Orbital charges
redata: Matel table size (NRTAB)                    =     1024
redata: Mesh Cutoff                                 =   300.0000 Ry
redata: Net charge of the system                    =     0.0000 |e|
redata: Min. number of SCF Iter                     =        0
redata: Max. number of SCF Iter                     =     1000
redata: SCF convergence failure will abort job
redata: SCF mix quantity                            = Hamiltonian
redata: Mix DM or H after convergence               =   F
redata: Recompute H after scf cycle                 =   F
redata: Mix DM in first SCF step                    =   T
redata: Write Pulay info on disk                    =   F
redata: New DM Occupancy tolerance                  = 0.000000000001
redata: Kick with linear mixing every               =       50 iterations
redata: DM Mixing Weight for Kicks                  =     0.5000
redata: Require Harris convergence for SCF          =   F
redata: Harris energy tolerance for SCF             =     0.000100 eV
redata: Require DM convergence for SCF              =   T
redata: DM tolerance for SCF                        =     0.000010
redata: Require EDM convergence for SCF             =   F
redata: EDM tolerance for SCF                       =     0.001000 eV
redata: Require H convergence for SCF               =   T
redata: Hamiltonian tolerance for SCF               =     0.001000 eV
redata: Require (free) Energy convergence for SCF   =   F
redata: (free) Energy tolerance for SCF             =     0.000100 eV
redata: Using DFT-D3 dispersion                     =   F
redata: Using Saved Data (generic)                  =   F
redata: Use continuation files for DM               =   T
redata: Neglect nonoverlap interactions             =   F
redata: Method of Calculation                       = Diagonalization
redata: Electronic Temperature                      =   580.2259 K
redata: Fix the spin of the system                  =   F
redata: Split SR and SO contributions               =   F
redata: Max. number of TDED Iter                    =        1
redata: Number of TDED substeps                     =        3
redata: Dynamics option                             = Single-point calculation
mix.SCF: Pulay mixing                            = Pulay
mix.SCF:    Variant                              = stable
mix.SCF:    History steps                        = 5
mix.SCF:    Linear mixing weight                 =     0.010000
mix.SCF:    Mixing weight                        =     0.010000
mix.SCF:    SVD condition                        = 0.1000E-07
mix.SCF:    Restart steps                        = 49
mix.SCF:    Restart save steps                   = 1
mix.SCF:    Number of mixing iterations          = 49
mix.SCF:    Following mixer                      = Linear-Kick
mix.SCF: Linear mixing                           = Linear-Kick
mix.SCF:    Mixing weight                        =     0.500000
mix.SCF:    Number of mixing iterations          = 1
mix.SCF:    Following mixer                      = Pulay
mix.SCF: Spin-component mixing                   all
redata: Save all siesta data in one NC              =   F
redata: ***********************************************************************

%block SCF.Mixers
  Pulay
  Linear-Kick
%endblock SCF.Mixers

%block SCF.Mixer.Pulay
  # Mixing method
  method pulay
  variant stable

  # Mixing options
  weight 0.0100
  weight.linear 0.0100
  history 5
  restart 49
  restart.save 1

  # Continuation options
  iterations 49
  next Linear-Kick
%endblock SCF.Mixer.Pulay

%block SCF.Mixer.Linear-Kick
  # Mixing method
  method linear

  # Mixing options
  weight 0.5000

  # Continuation options
  iterations 1
  next Pulay
%endblock SCF.Mixer.Linear-Kick

DM_history_depth set to one: no extrapolation allowed by default for geometry relaxation
Size of DM history Fstack: 1
Total number of electrons:    36.000000
Total ionic charge:    36.000000

* ProcessorY, Blocksize:    2  10


* Orbital distribution balance (max,min):    10     8


siesta: k-grid: Number of k-points = 1
siesta: k-point is Gamma-only

diag: Algorithm                                     = D&C
diag: Parallel over k                               =   F
diag: Use parallel 2D distribution                  =   T
diag: Parallel block-size                           = 10
diag: Parallel distribution                         =     2 x     2
diag: Used triangular part                          = Lower
diag: Absolute tolerance                            =  0.100E-15
diag: Orthogonalization factor                      =  0.100E-05
diag: Memory factor                                 =  1.0000


ts: **************************************************************
ts: Save H and S matrices                           =    T
ts: Save DM and EDM matrices                        =    F
ts: Only save the overlap matrix S                  =    F
ts: **************************************************************

************************ Begin: TS CHECKS AND WARNINGS ************************
************************ End: TS CHECKS AND WARNINGS **************************


                     ====================================
                        Single-point calculation
                     ====================================

outcoor: Atomic coordinates (Ang):                          
   -1.19940000    0.00000000    0.00000000   1       1  Pt
    1.19940000    0.00000000    0.00000000   1       2  Pt

outcell: Unit cell vectors (Ang):
       20.000000    0.000000    0.000000
        0.000000   20.000000    0.000000
        0.000000    0.000000   20.000000

outcell: Cell vector modules (Ang)   :   20.000000   20.000000   20.000000
outcell: Cell angles (23,13,12) (deg):     90.0000     90.0000     90.0000
outcell: Cell volume (Ang**3)        :   8000.0000
<dSpData1D:S at geom step 0
  <sparsity:sparsity for geom step 0
    nrows_g=38 nrows=10 sparsity=.2632 nnzs=380, refcount: 8>
  <dData1D:(new from dSpData1D) n=380, refcount: 1>
refcount: 1>
new_DM -- step:     1
Initializing Density Matrix...

Attempting to read DM from file... Failed...
DM filled with atomic data (user-defined):
<dSpData2D:DM initialized from atoms
  <sparsity:sparsity for geom step 0
    nrows_g=38 nrows=10 sparsity=.2632 nnzs=380, refcount: 9>
  <dData2D:DM n=380 m=8, refcount: 1>
refcount: 1>
     spin moment: {S} , |S| = {    2.00000    0.00000    0.00000 }     2.00000

InitMesh: MESH = 216 x 216 x 216 = 10077696
InitMesh: Mesh cutoff (required, used) =   300.000   322.366 Ry
New grid distribution [1]: sub = 2
New grid distribution [2]: sub = 2
New grid distribution [3]: sub = 2
Setting up quadratic distribution...

stepf: Fermi-Dirac step function

siesta: Program's energy decomposition (eV):
siesta: Ebs     =     -1430.340467
siesta: Eions   =      9761.392480
siesta: Ena     =      1423.802450
siesta: Ekin    =      1916.519289
siesta: Enl(+so)=       414.970706
siesta: Eso(nil)=         0.000000
siesta: Edftu   =         0.000000
siesta: DEna    =       163.310895
siesta: DUscf   =        13.028591
siesta: DUext   =         0.000000
siesta: Ex      =     -1189.756615
siesta: Ec      =       -73.969498
siesta: Exc     =     -1263.726114
siesta: EbV     =         0.000000
siesta: eta*DQ  =         0.000000
siesta: Emadel  =         0.000000
siesta: Emeta   =         0.000000
siesta: Emolmec =         0.000000
siesta: Ekinion =         0.000000
siesta: Eharris =     -7073.946179
siesta: Etot    =     -7093.486662
siesta: FreeEng =     -7093.552063

        iscf     Eharris(eV)        E_KS(eV)     FreeEng(eV)     dDmax    Ef(eV) dHmax(eV)
   scf:    1    -7073.946179    -7093.486662    -7093.552063  1.097782 -1.812213 13.770530
     spin moment: {S} , |S| = {    0.54719    0.00000   -0.00000 }     0.54719
timer: Routine,Calls,Time,% = IterSCF        1       1.532  16.15
   scf:    2    -7094.271513    -7093.881181    -7093.947204  0.018230 -1.897377 13.342672
     spin moment: {S} , |S| = {    0.55457    0.00000   -0.00000 }     0.55457
   scf:    3    -7103.030061    -7100.564634    -7100.636367  0.692494 -4.470394  0.546744
     spin moment: {S} , |S| = {    1.49587    0.00000   -0.00000 }     1.49587
   scf:    4    -7100.522928    -7100.552571    -7100.625409  0.018796 -4.373968  0.525464
     spin moment: {S} , |S| = {    1.47177    0.00000   -0.00000 }     1.47177
   scf:    5    -7084.664738    -7094.994482    -7095.057376  0.621441 -2.449399 11.793844
     spin moment: {S} , |S| = {    1.84566   -0.00000   -0.00000 }     1.84566
   scf:    6    -7101.863103    -7100.594343    -7100.647700  0.696926 -4.749805  1.674174
     spin moment: {S} , |S| = {    1.72958    0.00000   -0.00000 }     1.72958
   scf:    7    -7100.584260    -7100.671037    -7100.722219  0.100913 -4.154580  0.687960
     spin moment: {S} , |S| = {    1.78319    0.00000   -0.00000 }     1.78319
   scf:    8    -7100.627624    -7100.657199    -7100.708558  0.011804 -4.097411  0.928203
     spin moment: {S} , |S| = {    1.77462    0.00000   -0.00000 }     1.77462
   scf:    9    -7100.786978    -7100.682064    -7100.737370  0.065648 -4.483044  0.512094
     spin moment: {S} , |S| = {    1.83535    0.00000   -0.00000 }     1.83535
   scf:   10    -7100.678813    -7100.677417    -7100.732681  0.005912 -4.517883  0.648265
     spin moment: {S} , |S| = {    1.83677    0.00000   -0.00000 }     1.83677
   scf:   11    -7100.653151    -7100.688381    -7100.738930  0.009357 -4.443683  0.449468
     spin moment: {S} , |S| = {    1.82200    0.00000   -0.00000 }     1.82200
   scf:   12    -7100.688688    -7100.692332    -7100.745203  0.017526 -4.356806  0.050288
     spin moment: {S} , |S| = {    1.82124    0.00000   -0.00000 }     1.82124
   scf:   13    -7100.682080    -7100.694966    -7100.741914  0.021390 -4.233250  0.386273
     spin moment: {S} , |S| = {    1.85634    0.00000   -0.00000 }     1.85634
   scf:   14    -7100.717727    -7100.699710    -7100.746834  0.020527 -4.336497  0.060029
     spin moment: {S} , |S| = {    1.85535   -0.00000   -0.00000 }     1.85535
   scf:   15    -7100.697969    -7100.699651    -7100.746900  0.002756 -4.322492  0.008798
     spin moment: {S} , |S| = {    1.85556    0.00000   -0.00000 }     1.85556
   scf:   16    -7100.699897    -7100.699632    -7100.746908  0.000261 -4.321793  0.007433
     spin moment: {S} , |S| = {    1.85559   -0.00000   -0.00000 }     1.85559
   scf:   17    -7100.699607    -7100.699649    -7100.746909  0.000050 -4.321493  0.007030
     spin moment: {S} , |S| = {    1.85559   -0.00000   -0.00000 }     1.85559
   scf:   18    -7100.701593    -7100.699130    -7100.746932  0.001071 -4.309462  0.014935
     spin moment: {S} , |S| = {    1.85601    0.00000    0.00000 }     1.85601
   scf:   19    -7100.699684    -7100.699131    -7100.746938  0.000645 -4.313079  0.001957
     spin moment: {S} , |S| = {    1.85597   -0.00000   -0.00000 }     1.85597
   scf:   20    -7100.699136    -7100.699132    -7100.746938  0.000005 -4.313051  0.001941
     spin moment: {S} , |S| = {    1.85598    0.00000   -0.00000 }     1.85598
   scf:   21    -7100.699417    -7100.699205    -7100.746940  0.000261 -4.312194  0.001122
     spin moment: {S} , |S| = {    1.85635   -0.00000   -0.00000 }     1.85635
   scf:   22    -7100.699506    -7100.699269    -7100.746941  0.000268 -4.311407  0.000262
     spin moment: {S} , |S| = {    1.85671    0.00000   -0.00000 }     1.85671
   scf:   23    -7100.699272    -7100.699268    -7100.746941  0.000003 -4.311394  0.000255
     spin moment: {S} , |S| = {    1.85672   -0.00000   -0.00000 }     1.85672

SCF Convergence by DM+H criterion
max |DM_out - DM_in|         :     0.0000028616
max |H_out - H_in|      (eV) :     0.0002553131
SCF cycle converged after 23 iterations

Using DM_out to compute the final energy and forces

siesta: E_KS(eV) =            -7100.6993

siesta: E_KS - E_eggbox =     -7100.6993
     spin moment: {S} , |S| = {    1.85672   -0.00000   -0.00000 }     1.85672

siesta: Atomic forces (eV/Ang):
     1    0.591829   -0.000000    0.000000
     2   -0.591829   -0.000000   -0.000000
----------------------------------------
   Tot    0.000000   -0.000000    0.000000
----------------------------------------
   Max    0.591829
   Res    0.341692    sqrt( Sum f_i^2 / 3N )
----------------------------------------
   Max    0.591829    constrained

Stress tensor Voigt[x,y,z,yz,xz,xy] (kbar):        0.29        0.00        0.00        0.00       -0.00       -0.00
(Free)E + p*V (eV/cell)    -7101.2254
Target enthalpy (eV/cell)    -7100.7469

moments: Magnetic moments from orbital angular momenta:

Species: Pt                  

Atom    Orb         sqrt(<L>^2)      <(Lx,Ly,Lz)>
----------------------------------------------------------------------------------------------------
   1    1  5s         0.000    0.000  0.000  0.000
   1    2  6s         0.000    0.000  0.000  0.000
   1    3  6s         0.000    0.000  0.000  0.000
   1    4  5py        0.001    0.001  0.000 -0.000
   1    5  5pz        0.001    0.001 -0.000  0.000
   1    6  5px        0.000    0.000 -0.000  0.000
   1    7  6py        0.007    0.007  0.000 -0.000
   1    8  6pz        0.007    0.007 -0.000  0.000
   1    9  6px        0.000    0.000 -0.000 -0.000
   1   10  5dxy       0.248    0.248 -0.000  0.000
   1   11  5dyz       0.503    0.503 -0.000  0.000
   1   12  5dz2       0.377    0.377  0.000  0.000
   1   13  5dxz       0.248    0.248  0.000  0.000
   1   14  5dx2-y2    0.126    0.126  0.000  0.000
   1   15  5dxy       0.001   -0.001  0.000 -0.000
   1   16  5dyz       0.002   -0.002  0.000  0.000
   1   17  5dz2       0.002   -0.002  0.000  0.000
   1   18  5dxz       0.001   -0.001  0.000  0.000
   1   19  5dx2-y2    0.001   -0.001  0.000 -0.000
----------------------------------------------------------------------------------------------------
   1      Total       1.511    1.511  0.000  0.000

   2   20  5s         0.000    0.000  0.000  0.000
   2   21  6s         0.000    0.000  0.000  0.000
   2   22  6s         0.000    0.000  0.000  0.000
   2   23  5py        0.001    0.001  0.000  0.000
   2   24  5pz        0.001    0.001  0.000  0.000
   2   25  5px        0.000    0.000  0.000 -0.000
   2   26  6py        0.007    0.007  0.000  0.000
   2   27  6pz        0.007    0.007  0.000  0.000
   2   28  6px        0.000    0.000  0.000  0.000
   2   29  5dxy       0.248    0.248 -0.000 -0.000
   2   30  5dyz       0.503    0.503 -0.000 -0.000
   2   31  5dz2       0.377    0.377  0.000  0.000
   2   32  5dxz       0.248    0.248  0.000 -0.000
   2   33  5dx2-y2    0.126    0.126 -0.000 -0.000
   2   34  5dxy       0.001   -0.001  0.000 -0.000
   2   35  5dyz       0.002   -0.002  0.000 -0.000
   2   36  5dz2       0.002   -0.002  0.000  0.000
   2   37  5dxz       0.001   -0.001  0.000 -0.000
   2   38  5dx2-y2    0.001   -0.001  0.000 -0.000
----------------------------------------------------------------------------------------------------
   2      Total       1.511    1.511  0.000 -0.000

----------------------------------------------------------------------------------------------------
 Sum                  3.021    3.021  0.000 -0.000


mulliken: Atomic and Orbital Populations:

Species: Pt                  

Atom      Orb        Charge      Spin       Svec
----------------------------------------------------------------
    1  1 5s         1.99407   0.00019      0.000  -0.000   0.000
    1  2 6s         1.52580   0.00463      0.005   0.000  -0.000
    1  3 6s        -0.36837   0.00384      0.004  -0.000   0.000
    1  4 5py        1.99783   0.00012      0.000  -0.000   0.000
    1  5 5pz        1.99783   0.00012      0.000   0.000   0.000
    1  6 5px        1.98801   0.00040      0.000   0.000  -0.000
    1  7 6py        0.04335   0.00572      0.006  -0.000  -0.000
    1  8 6pz        0.04335   0.00572      0.006  -0.000  -0.000
    1  9 6px        0.01441   0.00299     -0.003  -0.000   0.000
    1 10 5dxy       1.69758   0.21225      0.212  -0.000  -0.000
    1 11 5dyz       1.78088   0.18344      0.183  -0.000   0.000
    1 12 5dz2       1.78110   0.15116      0.151   0.000   0.000
    1 13 5dxz       1.69758   0.21225      0.212   0.000   0.000
    1 14 5dx2-y2    1.78165   0.08642      0.086   0.000  -0.000
    1 15 5dxy       0.02025   0.01660      0.017   0.000  -0.000
    1 16 5dyz      -0.00683   0.01251      0.013   0.000   0.000
    1 17 5dz2      -0.00562   0.01110      0.011  -0.000   0.000
    1 18 5dxz       0.02025   0.01660      0.017  -0.000  -0.000
    1 19 5dx2-y2   -0.00311   0.00826      0.008   0.000   0.000
    1     Total    18.00000   0.92836      0.928  -0.000  -0.000

    2  1 5s         1.99407   0.00019      0.000  -0.000  -0.000
    2  2 6s         1.52580   0.00463      0.005  -0.000   0.000
    2  3 6s        -0.36837   0.00384      0.004   0.000  -0.000
    2  4 5py        1.99783   0.00012      0.000   0.000  -0.000
    2  5 5pz        1.99783   0.00012      0.000  -0.000  -0.000
    2  6 5px        1.98801   0.00040      0.000  -0.000  -0.000
    2  7 6py        0.04335   0.00572      0.006   0.000   0.000
    2  8 6pz        0.04335   0.00572      0.006  -0.000   0.000
    2  9 6px        0.01441   0.00299     -0.003   0.000  -0.000
    2 10 5dxy       1.69758   0.21225      0.212  -0.000   0.000
    2 11 5dyz       1.78088   0.18344      0.183  -0.000  -0.000
    2 12 5dz2       1.78110   0.15116      0.151   0.000   0.000
    2 13 5dxz       1.69758   0.21225      0.212   0.000   0.000
    2 14 5dx2-y2    1.78165   0.08642      0.086   0.000   0.000
    2 15 5dxy       0.02025   0.01660      0.017   0.000   0.000
    2 16 5dyz      -0.00683   0.01251      0.013  -0.000   0.000
    2 17 5dz2      -0.00562   0.01110      0.011  -0.000   0.000
    2 18 5dxz       0.02025   0.01660      0.017  -0.000  -0.000
    2 19 5dx2-y2   -0.00311   0.00826      0.008   0.000  -0.000
    2     Total    18.00000   0.92836      0.928  -0.000   0.000

----------------------------------------------------------------
Total              36.00000   1.85672      1.857  -0.000  -0.000


siesta: Eigenvalues (eV):
ik =     1
 -101.4618 -101.4266 -101.0308 -100.9959  -65.2367  -65.1373  -64.9901  -64.8740  -51.7749  -51.5785
  -51.4568  -51.3962  -51.3895  -51.1713  -50.9174  -50.8558   -8.5002   -8.2412   -7.5680   -7.0736
   -7.0543   -6.7650   -6.4995   -5.9852   -5.8546   -5.7021   -5.5438   -5.2927   -5.2074   -4.9989
   -4.8032   -4.7678   -4.7373   -4.5620   -4.5354   -4.4020   -4.2276   -3.9632   -3.4574   -3.1460
   -0.2609   -0.0856    0.4189    0.4328    0.5534    0.6199    2.6502    2.8377    3.2581    3.4943
    9.8581   10.0478   17.2711   17.5112   17.8183   17.8290   18.0583   18.0784   18.1011   18.3207
   18.4951   18.6390   18.7034   18.8921   19.8031   20.0446   20.2365   20.5180   23.1776   23.4022
   23.4648   23.6964   28.3719   28.6019   37.5709   37.7812
siesta: Fermi energy =      -4.311394 eV

siesta: Program's energy decomposition (eV):
siesta: Ebs     =     -1187.711127
siesta: Eions   =      9761.392480
siesta: Ena     =      1423.802450
siesta: Ekin    =      2041.659287
siesta: Enl(+so)=       428.162765
siesta: Eso(nil)=         0.000000
siesta: Edftu   =         0.000000
siesta: DEna    =        57.471351
siesta: DUscf   =         1.585204
siesta: DUext   =         0.000000
siesta: Ex      =     -1216.990458
siesta: Ec      =       -74.997388
siesta: Exc     =     -1291.987846
siesta: EbV     =         0.000000
siesta: eta*DQ  =         0.000000
siesta: Emadel  =         0.000000
siesta: Emeta   =         0.000000
siesta: Emolmec =         0.000000
siesta: Ekinion =         0.000000
siesta: Eharris =     -7100.699272
siesta: Etot    =     -7100.699268
siesta: FreeEng =     -7100.746941

siesta: Final energy (eV):
siesta:  Band Struct. =   -1187.711127
siesta:       Kinetic =    2041.659287
siesta:       Hartree =    6167.358080
siesta:         Edftu =       0.000000
siesta:      Eso(nil) =       0.000000
siesta:    Ext. field =       0.000000
siesta:         Exch. =   -1216.990458
siesta:         Corr. =     -74.997388
siesta:     Bulk bias =       0.000000
siesta:   Exch.-corr. =   -1291.987846
siesta:  Ion-electron =  -14649.604367
siesta:       Ion-ion =     631.875577
siesta:       Ekinion =       0.000000
siesta: D3 dispersion =       0.000000
siesta:         Total =   -7100.699268
siesta:         Fermi =      -4.311394

siesta: Atomic forces (eV/Ang):
siesta:      1    0.591829   -0.000000    0.000000
siesta:      2   -0.591829   -0.000000   -0.000000
siesta: ----------------------------------------
siesta:    Tot    0.000000   -0.000000    0.000000

siesta: Stress tensor (static) (eV/Ang**3):
siesta:     0.000179   -0.000000   -0.000000
siesta:    -0.000000    0.000000    0.000000
siesta:    -0.000000    0.000000    0.000000

siesta: Cell volume =       8000.000000 Ang**3

siesta: Pressure (static):
siesta:                Solid            Molecule  Units
siesta:          -0.00000065         -0.00000001  Ry/Bohr**3
siesta:          -0.00005981         -0.00000066  eV/Ang**3
siesta:          -0.09582520         -0.00105120  kBar
(Free)E+ p_basis*V_orbitals  =       -7099.342778
(Free)Eharris+ p_basis*V_orbitals  =       -7099.342781
     spin moment: {S} , |S| = {    1.85672   -0.00000   -0.00000 }     1.85672

siesta: Electric dipole (a.u.)  =    0.000003    0.000000    0.000000
siesta: Electric dipole (Debye) =    0.000008    0.000000    0.000000

cite: Please see "Pt2_xx.bib" for an exhaustive BiBTeX file.
cite: Please clearly indicate Siesta version in published work: 5.1-MaX-42-gb6955e60a
cite: This calculation has made use of the following articles
cite: which are encouraged to be cited in a published work.
        Primary SIESTA paper
          DOI: www.doi.org/10.1088/0953-8984/14/11/302
        Spin-orbit coupling (off-site approximation)
          DOI: www.doi.org/10.1088/0953-8984/24/8/086005


>> End of run:  25-JUL-2024   9:44:17
Job completed
