 running on   12 total cores
 distrk:  each k-point on   12 cores,    1 groups
 distr:  one band on    1 cores,   12 groups
 using from now: INCAR     
 vasp.5.4.4.18Apr17-6-g9f103f2a35 (build Feb 29 2024 11:51:35) complex          
  
 POSCAR found type information on POSCAR  N  O 
 POSCAR found :  2 types and       2 ions
 scaLAPACK will be used

 ----------------------------------------------------------------------------- 
|                                                                             |
|           W    W    AA    RRRRR   N    N  II  N    N   GGGG   !!!           |
|           W    W   A  A   R    R  NN   N  II  NN   N  G    G  !!!           |
|           W    W  A    A  R    R  N N  N  II  N N  N  G       !!!           |
|           W WW W  AAAAAA  RRRRR   N  N N  II  N  N N  G  GGG   !            |
|           WW  WW  A    A  R   R   N   NN  II  N   NN  G    G                |
|           W    W  A    A  R    R  N    N  II  N    N   GGGG   !!!           |
|                                                                             |
|      For optimal performance we recommend to set                            |
|        NCORE= 4 - approx SQRT( number of cores)                             |
|      NCORE specifies how many cores store one orbital (NPAR=cpu/NCORE).     |
|      This setting can  greatly improve the performance of VASP for DFT.     |
|      The default,   NCORE=1            might be grossly inefficient         |
|      on modern multi-core architectures or massively parallel machines.     |
|      Do your own testing !!!!                                               |
|      Unfortunately you need to use the default for GW and RPA calculations. |
|      (for HF NCORE is supported but not extensively tested yet)             |
|                                                                             |
 ----------------------------------------------------------------------------- 


 ----------------------------------------------------------------------------- 
|                                                                             |
|  ADVICE TO THIS USER RUNNING 'VASP/VAMP'   (HEAR YOUR MASTER'S VOICE ...):  |
|                                                                             |
|      You have a (more or less) 'small supercell' and for smaller cells      |
|      it is recommended  to use the reciprocal-space projection scheme!      |
|      The real space optimization is not  efficient for small cells and it   |
|      is also less accurate ...                                              |
|      Therefore set LREAL=.FALSE. in the  INCAR file                         |
|                                                                             |
 ----------------------------------------------------------------------------- 

 LDA part: xc-table for Pade appr. of Perdew
 POSCAR, INCAR and KPOINTS ok, starting setup
 FFT: planning ...
 WAVECAR not read
 WARNING: random wavefunctions but no delay for mixing, default for NELMDL
 entering main loop
       N       E                     dE             d eps       ncg     rms          rms(c)
DAV:   1     0.554651480271E+02    0.55465E+02   -0.61949E+03   192   0.951E+02
DAV:   2    -0.814608755237E+01   -0.63611E+02   -0.59494E+02   276   0.240E+02
DAV:   3    -0.104548610491E+02   -0.23088E+01   -0.23035E+01   216   0.449E+01
DAV:   4    -0.104656404493E+02   -0.10779E-01   -0.10779E-01   240   0.333E+00
DAV:   5    -0.104657170588E+02   -0.76609E-04   -0.76610E-04   204   0.240E-01    0.121E+01
RMM:   6    -0.115222445145E+02   -0.10565E+01   -0.12080E+00   192   0.946E+00    0.424E+00
RMM:   7    -0.116662886359E+02   -0.14404E+00   -0.17397E-01   192   0.365E+00    0.159E+00
RMM:   8    -0.116477393794E+02    0.18549E-01   -0.33220E-02   192   0.151E+00    0.683E-01
RMM:   9    -0.116477348742E+02    0.45052E-05   -0.69916E-03   192   0.773E-01    0.240E-01
RMM:  10    -0.116477464852E+02   -0.11611E-04   -0.47116E-03   192   0.704E-01    0.186E-01
RMM:  11    -0.116478701168E+02   -0.12363E-03   -0.51569E-03   192   0.738E-01    0.133E-01
RMM:  12    -0.116478321333E+02    0.37984E-04   -0.30215E-03   192   0.549E-01    0.720E-02
RMM:  13    -0.116478659973E+02   -0.33864E-04   -0.10183E-03   192   0.328E-01    0.626E-02
RMM:  14    -0.116478128182E+02    0.53179E-04   -0.57454E-04   192   0.242E-01
   1 F= -.11647813E+02 E0= -.11647813E+02  d E =-.697965E-12  mag=     0.5772     0.5773     0.5775
