Executable      : siesta
Version         : 5.1-MaX-25-ga4780b0cc
Architecture    : x86_64
Compiler version: GNU-12.3.0
Compiler flags  : -DSIESTA__METIS -fallow-argument-mismatch -O3 -march=native
Environment variables: 
  SIESTA_PS_PATH: ../../../static/siesta/PD_fr_standard_04
Parallelisations: MPI
NetCDF support
NetCDF-4 support
NetCDF-4 MPI-IO support
METIS ordering support
Lua support
Native ELPA support
DFT-D3 support

Runtime information:
* Directory : /home/nicpa/codes/sisl-files/tests/siesta/Bi_hexagonal
* Running on 2 nodes in parallel.
>> Start of run:   6-JUN-2024  21:53:18

                           *********************** 
                           *  WELCOME TO SIESTA  * 
                           *********************** 

reinit: Reading from file Bi_hexagonal.fdf

reinit: -----------------------------------------------------------------------
reinit: System Name: Bi 2D hexagonal
reinit: -----------------------------------------------------------------------
reinit: System Label: Bi_hexagonal
reinit: -----------------------------------------------------------------------

initatom: Reading input for the pseudopotentials and atomic orbitals ----------
Species number:   1 Atomic number:   83 Label: Bi


---- Processing specs for species: Bi
Ground state valence configuration:   6s02  6p03
Reading pseudopotential information in PSML from:
  ../../../static/siesta/PD_fr_standard_04/Bi.psml
PSML file version: 1.1
Using libxc ids:  101 130
GGA--PBE XC_GGA_X_PBE--XC_GGA_C_PBE pb
PSML uuid: 1d199580-4728-11e8-74b9-45df666a9ad3
Semicore shell(s) with 10 electrons included in the valence for Bi

---- Pseudopotential check for Bi

Pseudopotential generated from a fully relativistic atomic calculation
There are spin-orbit semi-local pseudopotentials available

Pseudized shells:
6s( 2.00) rc: 2.43
6p( 3.00) rc: 2.52
5d(10.00) rc: 2.10
Valence configuration for ps generation: 5d:6s:6p: Total charge:  15.000000
Semicore shell(s): 5d
Fallback to non-perturbative polarization scheme for Bi
Please see the manual if this is not desired in principle
Bi: adding non-pert polarization shell: 6d
For Bi, standard SIESTA heuristics set lmxkb to 3
 (one more than the basis l, including polarization orbitals).
Use PS.lmax or PS.KBprojectors blocks to override.
Bi pseudopotential only contains V_ls up to l=2 -- lmxkb reset.

<basis_specs>
===============================================================================
Bi                   Z=  83    Mass=  208.98        Charge= 0.17977+309
Lmxo=2 Lmxkb= 2    BasisType=split      Semic=T
L=0  Nsemic=0  Cnfigmx=6
          i=1  nzeta=1  polorb=0  (6s)
            splnorm:   0.15000    
               vcte:    40.000    
               rinn:  -0.90000    
               qcoe:    0.0000    
               qyuk:    0.0000    
               qwid:   0.10000E-01
                rcs:    4.8610    
            lambdas:    1.0000    
L=1  Nsemic=0  Cnfigmx=6
          i=1  nzeta=1  polorb=0  (6p)  (to be polarized non-perturbatively)
            splnorm:   0.15000    
               vcte:    40.000    
               rinn:  -0.90000    
               qcoe:    0.0000    
               qyuk:    0.0000    
               qwid:   0.10000E-01
                rcs:    6.3990    
            lambdas:    1.0000    
L=2  Nsemic=1  Cnfigmx=6
          i=1  nzeta=1  polorb=0  (5d)  (semicore shell)
            splnorm:   0.15000    
               vcte:    40.000    
               rinn:  -0.90000    
               qcoe:    0.0000    
               qyuk:    0.0000    
               qwid:   0.10000E-01
                rcs:    3.2580    
            lambdas:    1.0000    
          i=2  nzeta=1  polorb=0  (6d)  (non-perturbative polarization shell)
            splnorm:   0.15000    
               vcte:    40.000    
               rinn:  -0.90000    
               qcoe:    0.0000    
               qyuk:    0.0000    
               qwid:   0.10000E-01
                rcs:    6.3990    
            lambdas:    1.0000    
-------------------------------------------------------------------------------
L=0  Nkbl=1  erefs: 0.17977+309
L=1  Nkbl=1  erefs: 0.17977+309
L=2  Nkbl=2  erefs: 0.17977+309 0.17977+309
===============================================================================
</basis_specs>

Using PAO.SplitTailNorm
atom: Called for Bi                    (Z =  83)
Maximum radius (at nrval) set to   50.00000 8518

read_vps: Pseudopotential generation method:
read_vps: ONCVPSP-3.Hamann's oncvpsp                        
Valence charge in pseudo generation:   15.00000

read_vps: Pseudopotential includes a core correction:
read_vps: Pseudo-core for xc-correction

xc_check: Exchange-correlation functional:
xc_check: GGA Perdew, Burke & Ernzerhof 1996
Got Vlocal (oncv-fit) from psml data
Choosing vlocal chloc cutoff:  4.097563
qtot up to nchloc:   15.00211773
atom: Maximum radius for chlocal:    4.09756
atom: Maximum radius for r*vlocal+2*Zval:    4.09756
Reading KB projs from Bi psml data
Using lj projectors in PSML file

PSML: Kleinman-Bylander projectors: 
   l= 0   rc=  2.456573   Ekb=  1.712941
   l= 0   rc=  2.456573   Ekb= 11.335126
j- l= 1   rc=  2.546988   Ekb=  1.346984
j+ l= 1   rc=  2.546988   Ekb=  0.959914
j- l= 1   rc=  2.546988   Ekb=  9.277226
j+ l= 1   rc=  2.546988   Ekb=  8.466419
j- l= 2   rc=  2.130051   Ekb= -7.269185
j+ l= 2   rc=  2.127912   Ekb= -6.624556
j- l= 2   rc=  2.130051   Ekb= -1.636120
j+ l= 2   rc=  2.130051   Ekb= -1.401486

PSML: Total number of  Kleinman-Bylander projectors:  34
atom: -------------------------------------------------------------------------

atom: SANKEY-TYPE ORBITALS:

SPLIT: Orbitals with angular momentum L= 0

SPLIT: Basis orbitals for state 6s
Split based on tail norm

   izeta = 1
                 lambda =    1.000000
                     rc =    4.858714
                 energy =   -1.037970
                kinetic =    0.671625
    potential(screened) =   -1.709595
       potential(ionic) =  -14.446066

SPLIT: Orbitals with angular momentum L= 1

SPLIT: Basis orbitals for state 6p
Split based on tail norm

   izeta = 1
                 lambda =    1.000000
                     rc =    6.406224
                 energy =   -0.314492
                kinetic =    0.752097
    potential(screened) =   -1.066589
       potential(ionic) =  -11.425172

SPLIT: Orbitals with angular momentum L= 2

SPLIT: Basis orbitals for state 5d
Split based on tail norm

   izeta = 1
                 lambda =    1.000000
                     rc =    3.260130
                 energy =   -1.957382
                kinetic =    7.692100
    potential(screened) =   -9.649482
       potential(ionic) =  -26.332037

SPLIT: Basis orbitals for state 6d
SPLIT: Non-perturbative polarization orbs for state 6p
SPLIT: rc(1st zeta) (re)set to: 6.4062 (expansion factor: 1.0000)
Split based on tail norm

   izeta = 1
                 lambda =    1.000000
                     rc =    6.406224
                 energy =    0.379000
                kinetic =    1.441641
    potential(screened) =   -1.062641
       potential(ionic) =   -9.250160
atom: Total number of Sankey-type orbitals: 14

atm_pop: Valence configuration (for local Pseudopot. screening):
 6s( 2.00)                                                            
 6p( 3.00)                                                            
 5d(10.00) 6d( 0.00)                                                  
Vna: chval, zval:   15.00000  15.00000

Vna:  Cut-off radius for the neutral-atom potential:   6.406224
comcore: Pseudo-core radius Rcore=  3.247076

atom: _________________________________________________________________________

prinput: Basis input 

PAO.BasisType split     

%block ChemicalSpeciesLabel
    1   83 Bi                      # Species index, atomic number, species label
%endblock ChemicalSpeciesLabel

%block PAO.Basis                 # Define Basis set
# WARNING: This information might be incomplete!
Bi                    4                    # Species label, number of l-shells
 n=6   0   1                         # n, l, Nzeta 
   4.859   
   1.000   
 n=6   1   1                         # n, l, Nzeta 
   6.406   
   1.000   
 n=5   2   1                         # n, l, Nzeta 
   3.260   
   1.000   
 n=6   2   1                         # n, l, Nzeta 
   6.406   
   1.000   
%endblock PAO.Basis

prinput: ----------------------------------------------------------------------

Dumping basis to NetCDF file Bi.ion.nc
coor:   Atomic-coordinates input format  =     Cartesian coordinates
coor:                                          (in Angstroms)

siesta: Atomic coordinates (Bohr) and species
siesta:      0.00000   0.00000   0.00000  1        1
siesta:      5.01873   0.00000   3.06136  1        2

siesta: System type = slab      

initatomlists: Number of atoms, orbitals, and projectors:      2    28    68

siesta: ******************** Simulation parameters ****************************
siesta:
siesta: The following are some of the parameters of the simulation.
siesta: A complete list of the parameters used, including default values,
siesta: can be found in file out.fdf
siesta:
redata: Spin configuration                          = spin-orbit+offsite
redata: Number of spin components                   = 8
redata: Time-Reversal Symmetry                      = F
redata: Spin spiral                                 = F
redata: Long output                                 =   F
redata: Number of Atomic Species                    =        1
redata: Charge density info will appear in .RHO file
redata: Write Mulliken Pop.                         = NO
redata: Matel table size (NRTAB)                    =     1024
redata: Mesh Cutoff                                 =   400.0000 Ry
redata: Net charge of the system                    =     0.0000 |e|
redata: Min. number of SCF Iter                     =        0
redata: Max. number of SCF Iter                     =     1000
redata: SCF convergence failure will abort job
redata: SCF mix quantity                            = Hamiltonian
redata: Mix DM or H after convergence               =   F
redata: Recompute H after scf cycle                 =   F
redata: Mix DM in first SCF step                    =   F
redata: Write Pulay info on disk                    =   F
redata: New DM Occupancy tolerance                  = 0.000000000001
redata: No kicks to SCF
redata: DM Mixing Weight for Kicks                  =     0.5000
redata: Require Harris convergence for SCF          =   F
redata: Harris energy tolerance for SCF             =     0.000100 eV
redata: Require DM convergence for SCF              =   T
redata: DM tolerance for SCF                        =     0.001000
redata: Require EDM convergence for SCF             =   F
redata: EDM tolerance for SCF                       =     0.001000 eV
redata: Require H convergence for SCF               =   T
redata: Hamiltonian tolerance for SCF               =     0.001000 eV
redata: Require (free) Energy convergence for SCF   =   F
redata: (free) Energy tolerance for SCF             =     0.000100 eV
redata: Using DFT-D3 dispersion                     =   F
redata: Using Saved Data (generic)                  =   F
redata: Use continuation files for DM               =   T
redata: Neglect nonoverlap interactions             =   F
redata: Method of Calculation                       = Diagonalization
redata: Electronic Temperature                      =   116.0452 K
redata: Fix the spin of the system                  =   F
redata: Split SR and SO contributions               =   F
redata: Max. number of TDED Iter                    =        1
redata: Number of TDED substeps                     =        3
redata: Dynamics option                             = Single-point calculation
mix.SCF: Pulay mixing                            = Pulay
mix.SCF:    Variant                              = stable
mix.SCF:    History steps                        = 5
mix.SCF:    Linear mixing weight                 =     0.250000
mix.SCF:    Mixing weight                        =     0.250000
mix.SCF:    SVD condition                        = 0.1000E-07
mix.SCF: Spin-component mixing                   all
redata: Save all siesta data in one NC              =   F
redata: ***********************************************************************

%block SCF.Mixers
  Pulay
%endblock SCF.Mixers

%block SCF.Mixer.Pulay
  # Mixing method
  method pulay
  variant stable

  # Mixing options
  weight 0.2500
  weight.linear 0.2500
  history 5
%endblock SCF.Mixer.Pulay

DM_history_depth set to one: no extrapolation allowed by default for geometry relaxation
Size of DM history Fstack: 1
Total number of electrons:    30.000000
Total ionic charge:    30.000000

* ProcessorY, Blocksize:    1  15


* Orbital distribution balance (max,min):    15    13

k-point displ. along   1 input, could be:     0.50    0.00
k-point displ. along   2 input, could be:     0.50    0.00
k-point displ. along   3 input, could be:     0.50    0.00

Time-reversal symmetry not used.

siesta: k-grid: Number of k-points = 81
siesta: k-points from Monkhorst-Pack grid
siesta: k-cutoff (effective) =    13.279 Ang
siesta: k-point supercell and displacements
siesta: k-grid:     9     0     0      0.500
siesta: k-grid:     0     9     0      0.500
siesta: k-grid:     0     0     1      0.500

diag: Algorithm                                     = D&C
diag: Parallel over k                               =   F
diag: Use parallel 2D distribution                  =   F
diag: Parallel block-size                           = 15
diag: Parallel distribution                         =     1 x     2
diag: Used triangular part                          = Lower
diag: Absolute tolerance                            =  0.100E-15
diag: Orthogonalization factor                      =  0.100E-05
diag: Memory factor                                 =  1.0000

superc: Internal auxiliary supercell:     5 x     5 x     1  =      25
superc: Number of atoms, orbitals, and projectors:     50    700   1700


ts: **************************************************************
ts: Save H and S matrices                           =    F
ts: Save DM and EDM matrices                        =    F
ts: Only save the overlap matrix S                  =    F
ts: **************************************************************

************************ Begin: TS CHECKS AND WARNINGS ************************
************************ End: TS CHECKS AND WARNINGS **************************


                     ====================================
                        Single-point calculation
                     ====================================

superc: Internal auxiliary supercell:     5 x     5 x     1  =      25
superc: Number of atoms, orbitals, and projectors:     50    700   1700

outcell: Unit cell vectors (Ang):
        3.983700   -2.299990    0.000000
        3.983700    2.299990    0.000000
        0.000000    0.000000   26.558000

outcell: Cell vector modules (Ang)   :    4.599981    4.599981   26.558000
outcell: Cell angles (23,13,12) (deg):     90.0000     90.0000     60.0000
outcell: Cell volume (Ang**3)        :    486.6738
<dSpData1D:S at geom step 0
  <sparsity:sparsity for geom step 0
    nrows_g=28 nrows=15 sparsity=4.3622 nnzs=3420, refcount: 8>
  <dData1D:(new from dSpData1D) n=3420, refcount: 1>
refcount: 1>
new_DM -- step:     1
Initializing Density Matrix...

Attempting to read DM from file... Failed...
DM filled with atomic data:
<dSpData2D:DM initialized from atoms
  <sparsity:sparsity for geom step 0
    nrows_g=28 nrows=15 sparsity=4.3622 nnzs=3420, refcount: 9>
  <dData2D:DM n=3420 m=8, refcount: 1>
refcount: 1>
     spin moment: {S} , |S| = {    0.00000    0.00000    6.00000 }     6.00000

InitMesh: MESH = 48 x 48 x 320 = 737280
InitMesh: Mesh cutoff (required, used) =   400.000   401.246 Ry
New grid distribution [1]: sub = 2
New grid distribution [2]: sub = 2
New grid distribution [3]: sub = 2
Setting up quadratic distribution...

stepf: Fermi-Dirac step function

siesta: Program's energy decomposition (eV):
siesta: Ebs     =      -588.537692
siesta: Eions   =      4884.518950
siesta: Ena     =       273.309473
siesta: Ekin    =      2113.034040
siesta: Enl(+so)=      -814.270830
siesta: Eso(nil)=         0.000000
siesta: Edftu   =         0.000000
siesta: DEna    =        31.281403
siesta: DUscf   =         1.057480
siesta: DUext   =         0.000000
siesta: Ex      =     -1097.308674
siesta: Ec      =       -72.294221
siesta: Exc     =     -1169.602894
siesta: EbV     =         0.000000
siesta: eta*DQ  =         0.000000
siesta: Emadel  =         0.000000
siesta: Emeta   =         0.000000
siesta: Emolmec =         0.000000
siesta: Ekinion =         0.000000
siesta: Eharris =     -4450.335271
siesta: Etot    =     -4449.710277
siesta: FreeEng =     -4449.710856

        iscf     Eharris(eV)        E_KS(eV)     FreeEng(eV)     dDmax    Ef(eV) dHmax(eV)
   scf:    1    -4450.335271    -4449.710277    -4449.710856  0.535168 -1.575660  9.113653
     spin moment: {S} , |S| = {    0.00158   -0.00000    1.38778 }     1.38778
timer: Routine,Calls,Time,% = IterSCF        1       0.469  19.43
   scf:    2    -4454.450364    -4451.637944    -4451.637944  0.177309 -2.754861  0.337487
     spin moment: {S} , |S| = {   -0.00063    0.00000    0.11841 }     0.11841
   scf:    3    -4451.669332    -4451.648224    -4451.648224  0.006784 -2.790425  0.251712
     spin moment: {S} , |S| = {   -0.00046    0.00000    0.08445 }     0.08445
   scf:    4    -4451.671777    -4451.657040    -4451.657040  0.012826 -2.806581  0.154010
     spin moment: {S} , |S| = {   -0.00007   -0.00000    0.03816 }     0.03816
   scf:    5    -4451.661479    -4451.659002    -4451.659002  0.006502 -2.804836  0.056310
     spin moment: {S} , |S| = {    0.00007   -0.00000    0.01673 }     0.01673
   scf:    6    -4451.664550    -4451.659452    -4451.659452  0.004655 -2.785920  0.034032
     spin moment: {S} , |S| = {    0.00008   -0.00000    0.00006 }     0.00010
   scf:    7    -4451.658127    -4451.659439    -4451.659439  0.001337 -2.794187  0.009136
     spin moment: {S} , |S| = {    0.00005   -0.00000    0.00396 }     0.00396
   scf:    8    -4451.659556    -4451.659456    -4451.659456  0.000436 -2.794438  0.005881
     spin moment: {S} , |S| = {    0.00004   -0.00000    0.00252 }     0.00252
   scf:    9    -4451.659611    -4451.659475    -4451.659475  0.000926 -2.793945  0.001299
     spin moment: {S} , |S| = {    0.00002    0.00000    0.00009 }     0.00009
   scf:   10    -4451.659484    -4451.659476    -4451.659476  0.000084 -2.793999  0.000839
     spin moment: {S} , |S| = {    0.00001    0.00000    0.00015 }     0.00015

SCF Convergence by DM+H criterion
max |DM_out - DM_in|         :     0.0000844738
max |H_out - H_in|      (eV) :     0.0008391892
SCF cycle converged after 10 iterations

Using DM_out to compute the final energy and forces
 E_bs from EDM:  -590.91098907919263     

siesta: E_KS(eV) =            -4451.6595

siesta: E_KS - E_eggbox =     -4451.6595
     spin moment: {S} , |S| = {    0.00001    0.00000    0.00015 }     0.00015

siesta: Atomic forces (eV/Ang):
----------------------------------------
   Tot   -0.000001    0.000000    0.000500
----------------------------------------
   Max    0.150964
   Res    0.087188    sqrt( Sum f_i^2 / 3N )
----------------------------------------
   Max    0.150964    constrained

Stress tensor Voigt[x,y,z,yz,xz,xy] (kbar):        3.98        3.88       -0.82       -0.00       -0.05        0.00
(Free)E + p*V (eV/cell)    -4452.3725
Target enthalpy (eV/cell)    -4451.6595

siesta: Program's energy decomposition (eV):
siesta: Ebs     =      -586.937866
siesta: Eions   =      4884.518950
siesta: Ena     =       273.309473
siesta: Ekin    =      2119.878725
siesta: Enl(+so)=      -818.551635
siesta: Eso(nil)=         0.000000
siesta: Edftu   =         0.000000
siesta: DEna    =        28.008639
siesta: DUscf   =         0.894590
siesta: DUext   =         0.000000
siesta: Ex      =     -1098.289897
siesta: Ec      =       -72.390422
siesta: Exc     =     -1170.680319
siesta: EbV     =         0.000000
siesta: eta*DQ  =         0.000000
siesta: Emadel  =         0.000000
siesta: Emeta   =         0.000000
siesta: Emolmec =         0.000000
siesta: Ekinion =         0.000000
siesta: Eharris =     -4451.659484
siesta: Etot    =     -4451.659476
siesta: FreeEng =     -4451.659476

siesta: Final energy (eV):
siesta:  Band Struct. =    -586.937866
siesta:       Kinetic =    2119.878725
siesta:       Hartree =    8458.108265
siesta:         Edftu =       0.000000
siesta:      Eso(nil) =       0.000000
siesta:    Ext. field =       0.000000
siesta:         Exch. =   -1098.289897
siesta:         Corr. =     -72.390422
siesta:     Bulk bias =       0.000000
siesta:   Exch.-corr. =   -1170.680319
siesta:  Ion-electron =  -18948.351043
siesta:       Ion-ion =    5089.384896
siesta:       Ekinion =       0.000000
siesta: D3 dispersion =       0.000000
siesta:         Total =   -4451.659476
siesta:         Fermi =      -2.793999

siesta: Atomic forces (eV/Ang):
siesta:      1   -0.009516    0.000000   -0.150464
siesta:      2    0.009515   -0.000000    0.150964
siesta: ----------------------------------------
siesta:    Tot   -0.000001    0.000000    0.000500

siesta: Stress tensor (static) (eV/Ang**3):
siesta:     0.002486   -0.000000   -0.000032
siesta:     0.000000    0.002419   -0.000000
siesta:    -0.000032   -0.000000   -0.000510

siesta: Cell volume =        486.673822 Ang**3

siesta: Pressure (static):
siesta:                Solid            Molecule  Units
siesta:          -0.00001596         -0.00001797  Ry/Bohr**3
siesta:          -0.00146518         -0.00164971  eV/Ang**3
siesta:          -2.34747338         -2.64313338  kBar
(Free)E+ p_basis*V_orbitals  =       -4450.613180
(Free)Eharris+ p_basis*V_orbitals  =       -4450.613189
     spin moment: {S} , |S| = {    0.00001    0.00000    0.00015 }     0.00015

siesta: Electric dipole (a.u.)  =    0.000000    0.000000   -0.000209
siesta: Electric dipole (Debye) =    0.000000    0.000000   -0.000531

cite: Please see "Bi_hexagonal.bib" for an exhaustive BiBTeX file.
cite: Please clearly indicate Siesta version in published work: 5.1-MaX-25-ga4780b0cc
cite: This calculation has made use of the following articles
cite: which are encouraged to be cited in a published work.
        Primary SIESTA paper
          DOI: www.doi.org/10.1088/0953-8984/14/11/302
        Spin-orbit coupling (off-site approximation)
          DOI: www.doi.org/10.1088/0953-8984/24/8/086005


>> End of run:   6-JUN-2024  21:53:25
Job completed
