Executable      : siesta
Version         : 5.1-MaX-24-gc2193a788
Architecture    : x86_64
Compiler version: GNU-12.3.0
Compiler flags  : -DSIESTA__METIS -fallow-argument-mismatch -O3 -march=native
Environment variables: 
  SIESTA_PS_PATH: ../../../static/siesta/PD_sr_standard_05
Parallelisations: MPI
NetCDF support
NetCDF-4 support
NetCDF-4 MPI-IO support
METIS ordering support
Lua support
Native ELPA support
DFT-D3 support

Runtime information:
* Directory : /home/nicpa/codes/sisl-files/tests/siesta/Si_pdos_k
* Running on 4 nodes in parallel.
>> Start of run:  16-MAY-2024  21:04:46

                           *********************** 
                           *  WELCOME TO SIESTA  * 
                           *********************** 

reinit: Reading from file Si_pdos.fdf

reinit: -----------------------------------------------------------------------
reinit: System Name: Si bulk
reinit: -----------------------------------------------------------------------
reinit: System Label: Si_pdos
reinit: -----------------------------------------------------------------------

initatom: Reading input for the pseudopotentials and atomic orbitals ----------
Species number:   1 Atomic number:   14 Label: Si


---- Processing specs for species: Si
Ground state valence configuration:   3s02  3p02
Reading pseudopotential information in PSML from:
  ../../../static/siesta/PD_sr_standard_05/Si.psml
PSML file version: 1.1
Using libxc ids:  101 130
GGA--PBE XC_GGA_X_PBE--XC_GGA_C_PBE pb
PSML uuid: 78f1be70-be41-11e7-6330-179677bb7285

---- Pseudopotential check for Si

Pseudized shells:
3s( 2.00) rc: 1.60
3p( 2.00) rc: 1.72
3d( 0.00) rc: 1.92
Valence configuration for ps generation: 3s:3p: Total charge:   4.000000
For Si, standard SIESTA heuristics set lmxkb to 3
 (one more than the basis l, including polarization orbitals).
Use PS.lmax or PS.KBprojectors blocks to override.
Si pseudopotential only contains V_ls up to l=2 -- lmxkb reset.

<basis_specs>
===============================================================================
Si                   Z=  14    Mass=  28.090        Charge= 0.17977+309
Lmxo=2 Lmxkb= 2    BasisType=split      Semic=F
L=0  Nsemic=0  Cnfigmx=3
          i=1  nzeta=1  polorb=0  (3s)
            splnorm:   0.15000    
               vcte:    40.000    
               rinn:  -0.90000    
               qcoe:    0.0000    
               qyuk:    0.0000    
               qwid:   0.10000E-01
                rcs:    0.0000    
            lambdas:    1.0000    
L=1  Nsemic=0  Cnfigmx=3
          i=1  nzeta=1  polorb=1  (3p)  (to be polarized perturbatively)
            splnorm:   0.15000    
               vcte:    40.000    
               rinn:  -0.90000    
               qcoe:    0.0000    
               qyuk:    0.0000    
               qwid:   0.10000E-01
                rcs:    0.0000    
            lambdas:    1.0000    
L=2  Nsemic=0  Cnfigmx=3
          i=1  nzeta=0  polorb=0  (3d)  (perturbative polarization orbital) (from 3p)
-------------------------------------------------------------------------------
L=0  Nkbl=1  erefs: 0.17977+309
L=1  Nkbl=1  erefs: 0.17977+309
L=2  Nkbl=1  erefs: 0.17977+309
===============================================================================
</basis_specs>

Using PAO.SplitTailNorm
atom: Called for Si                    (Z =  14)
Maximum radius (at nrval) set to   50.00000 8518

read_vps: Pseudopotential generation method:
read_vps: ONCVPSP-3.Hamann's oncvpsp                        
Valence charge in pseudo generation:    4.00000

read_vps: Pseudopotential includes a core correction:
read_vps: Pseudo-core for xc-correction

xc_check: Exchange-correlation functional:
xc_check: GGA Perdew, Burke & Ernzerhof 1996
Got Vlocal (oncv-fit) from psml data
Choosing vlocal chloc cutoff:  4.644478
qtot up to nchloc:    4.00055554
atom: Maximum radius for chlocal:    4.64448
atom: Maximum radius for r*vlocal+2*Zval:    4.64448
Reading KB projs from Si psml data
Using scalar-relativistic projectors in PSML file

PSML: Kleinman-Bylander projectors: 
   l= 0   rc=  1.623671   Ekb= 10.337930
   l= 0   rc=  1.623671   Ekb=  1.659765
   l= 1   rc=  1.743879   Ekb=  5.142565
   l= 1   rc=  1.743879   Ekb=  1.156614
   l= 2   rc=  1.941952   Ekb= -4.854621
   l= 2   rc=  1.941952   Ekb= -0.976194

PSML: Total number of  Kleinman-Bylander projectors:  18
atom: -------------------------------------------------------------------------

atom: SANKEY-TYPE ORBITALS:

SPLIT: Orbitals with angular momentum L= 0

SPLIT: Basis orbitals for state 3s

SPLIT: PAO cut-off radius determined from an
SPLIT: energy shift=  0.010000 Ry
Split based on tail norm

   izeta = 1
                 lambda =    1.000000
                     rc =    5.392327
                 energy =   -0.783216
                kinetic =    0.587326
    potential(screened) =   -1.370542
       potential(ionic) =   -3.786790

SPLIT: Orbitals with angular momentum L= 1

SPLIT: Basis orbitals for state 3p

SPLIT: PAO cut-off radius determined from an
SPLIT: energy shift=  0.010000 Ry
Split based on tail norm

   izeta = 1
                 lambda =    1.000000
                     rc =    6.843982
                 energy =   -0.288447
                kinetic =    0.848956
    potential(screened) =   -1.137402
       potential(ionic) =   -3.356499

POLgen: Perturbative polarization orbital with L=  2

POLgen: Polarization orbital for state 3p
Split based on tail norm

   izeta = 1
                     rc =    6.843982
                 energy =    0.337923
                kinetic =    1.520822
    potential(screened) =   -1.182900
       potential(ionic) =   -3.294580
atom: Total number of Sankey-type orbitals:  9

atm_pop: Valence configuration (for local Pseudopot. screening):
 3s( 2.00)                                                            
 3p( 2.00)                                                            
 3d( 0.00)                                                            
Vna: chval, zval:    4.00000   4.00000

Vna:  Cut-off radius for the neutral-atom potential:   6.843982
comcore: Pseudo-core radius Rcore=  2.875880

atom: _________________________________________________________________________

prinput: Basis input 

PAO.BasisType split     

%block ChemicalSpeciesLabel
    1   14 Si                      # Species index, atomic number, species label
%endblock ChemicalSpeciesLabel

%block PAO.Basis                 # Define Basis set
# WARNING: This information might be incomplete!
Si                    2                    # Species label, number of l-shells
 n=3   0   1                         # n, l, Nzeta 
   5.392   
   1.000   
 n=3   1   1 P   1                   # n, l, Nzeta, Polarization, NzetaPol
   6.844   
   1.000   
%endblock PAO.Basis

prinput: ----------------------------------------------------------------------

Dumping basis to NetCDF file Si.ion.nc
coor:   Atomic-coordinates input format  =     Cartesian coordinates
coor:                                          (in units of alat)

siesta: Atomic coordinates (Bohr) and species
siesta:      0.00000   0.00000   0.00000  1        1
siesta:      2.56530   2.56530   2.56530  1        2

siesta: System type = bulk      

initatomlists: Number of atoms, orbitals, and projectors:      2    18    36

siesta: ******************** Simulation parameters ****************************
siesta:
siesta: The following are some of the parameters of the simulation.
siesta: A complete list of the parameters used, including default values,
siesta: can be found in file out.fdf
siesta:
redata: Spin configuration                          = none
redata: Number of spin components                   = 1
redata: Time-Reversal Symmetry                      = T
redata: Spin spiral                                 = F
redata: Long output                                 =   F
redata: Number of Atomic Species                    =        1
redata: Charge density info will appear in .RHO file
redata: Write Mulliken Pop.                         = NO
redata: Matel table size (NRTAB)                    =     1024
redata: Mesh Cutoff                                 =   150.0000 Ry
redata: Net charge of the system                    =     0.0000 |e|
redata: Min. number of SCF Iter                     =        0
redata: Max. number of SCF Iter                     =       50
redata: SCF convergence failure will abort job
redata: SCF mix quantity                            = Hamiltonian
redata: Mix DM or H after convergence               =   F
redata: Recompute H after scf cycle                 =   F
redata: Mix DM in first SCF step                    =   T
redata: Write Pulay info on disk                    =   F
redata: New DM Occupancy tolerance                  = 0.000000000001
redata: No kicks to SCF
redata: DM Mixing Weight for Kicks                  =     0.5000
redata: Require Harris convergence for SCF          =   F
redata: Harris energy tolerance for SCF             =     0.000100 eV
redata: Require DM convergence for SCF              =   T
redata: DM tolerance for SCF                        =     0.000100
redata: Require EDM convergence for SCF             =   F
redata: EDM tolerance for SCF                       =     0.001000 eV
redata: Require H convergence for SCF               =   T
redata: Hamiltonian tolerance for SCF               =     0.001000 eV
redata: Require (free) Energy convergence for SCF   =   F
redata: (free) Energy tolerance for SCF             =     0.000100 eV
redata: Using DFT-D3 dispersion                     =   F
redata: Using Saved Data (generic)                  =   F
redata: Use continuation files for DM               =   T
redata: Neglect nonoverlap interactions             =   F
redata: Method of Calculation                       = Diagonalization
redata: Electronic Temperature                      =   116.0452 K
redata: Fix the spin of the system                  =   F
redata: Max. number of TDED Iter                    =        1
redata: Number of TDED substeps                     =        3
redata: Dynamics option                             = Single-point calculation
mix.SCF: Pulay mixing                            = Pulay
mix.SCF:    Variant                              = stable
mix.SCF:    History steps                        = 10
mix.SCF:    Linear mixing weight                 =     0.010000
mix.SCF:    Mixing weight                        =     0.010000
mix.SCF:    SVD condition                        = 0.1000E-07
redata: Save all siesta data in one NC              =   F
redata: ***********************************************************************

%block SCF.Mixers
  Pulay
%endblock SCF.Mixers

%block SCF.Mixer.Pulay
  # Mixing method
  method pulay
  variant stable

  # Mixing options
  weight 0.0100
  weight.linear 0.0100
  history 10
%endblock SCF.Mixer.Pulay

DM_history_depth set to one: no extrapolation allowed by default for geometry relaxation
Size of DM history Fstack: 1
Total number of electrons:     8.000000
Total ionic charge:     8.000000

* ProcessorY, Blocksize:    2   5


* Orbital distribution balance (max,min):     5     3

 Kpoints in:           75 . Kpoints trimmed:           63

siesta: k-grid: Number of k-points = 63
siesta: k-points from Monkhorst-Pack grid
siesta: k-cutoff (effective) =     9.599 Ang
siesta: k-point supercell and displacements
siesta: k-grid:     5     0     0      0.000
siesta: k-grid:     0     5     0      0.000
siesta: k-grid:     0     0     5      0.000
 Kpoints in:          196 . Kpoints trimmed:          172

siesta: PDOS k-grid: Number of k-points = 172
siesta: PDOS k-points from Monkhorst-Pack grid
siesta: PDOS k-cutoff (effective) =    13.439 Ang
siesta: PDOS k-point supercell and displacements
siesta: k-grid:     7     0     0      0.000
siesta: k-grid:     0     7     0      0.000
siesta: k-grid:     0     0     7      0.000

diag: Algorithm                                     = D&C
diag: Parallel over k                               =   F
diag: Use parallel 2D distribution                  =   T
diag: Parallel block-size                           = 5
diag: Parallel distribution                         =     2 x     2
diag: Used triangular part                          = Lower
diag: Absolute tolerance                            =  0.100E-15
diag: Orthogonalization factor                      =  0.100E-05
diag: Memory factor                                 =  1.0000

superc: Internal auxiliary supercell:     5 x     5 x     5  =     125
superc: Number of atoms, orbitals, and projectors:    250   2250   4500


ts: **************************************************************
ts: Save H and S matrices                           =    T
ts: Save DM and EDM matrices                        =    T
ts: Only save the overlap matrix S                  =    F
ts: **************************************************************

************************ Begin: TS CHECKS AND WARNINGS ************************
************************ End: TS CHECKS AND WARNINGS **************************


                     ====================================
                        Single-point calculation
                     ====================================

superc: Internal auxiliary supercell:     5 x     5 x     5  =     125
superc: Number of atoms, orbitals, and projectors:    250   2250   4500

outcell: Unit cell vectors (Ang):
        0.000000    2.715000    2.715000
        2.715000    0.000000    2.715000
        2.715000    2.715000    0.000000

outcell: Cell vector modules (Ang)   :    3.839590    3.839590    3.839590
outcell: Cell angles (23,13,12) (deg):     60.0000     60.0000     60.0000
outcell: Cell volume (Ang**3)        :     40.0258
<dSpData1D:S at geom step 0
  <sparsity:sparsity for geom step 0
    nrows_g=18 nrows=5 sparsity=19.3302 nnzs=6263, refcount: 7>
  <dData1D:(new from dSpData1D) n=6263, refcount: 1>
refcount: 1>
new_DM -- step:     1
Initializing Density Matrix...

Attempting to read DM from file... Failed...
DM filled with atomic data:
<dSpData2D:DM initialized from atoms
  <sparsity:sparsity for geom step 0
    nrows_g=18 nrows=5 sparsity=19.3302 nnzs=6263, refcount: 8>
  <dData2D:DM n=6263 m=1, refcount: 1>
refcount: 1>
No. of atoms with KB's overlaping orbs in proc 0. Max # of overlaps:      29     249

InitMesh: MESH = 24 x 24 x 24 = 13824
InitMesh: Mesh cutoff (required, used) =   150.000   161.974 Ry
New grid distribution [1]: sub = 2
New grid distribution [2]: sub = 2
New grid distribution [3]: sub = 2
Setting up quadratic distribution...

stepf: Fermi-Dirac step function

siesta: Program's energy decomposition (eV):
siesta: Ebs     =       -78.140251
siesta: Eions   =       387.859309
siesta: Ena     =       123.459880
siesta: Ekin    =        78.772655
siesta: Enl     =        33.085050
siesta: Eso     =         0.000000
siesta: Edftu   =         0.000000
siesta: DEna    =         6.146163
siesta: DUscf   =         0.254752
siesta: DUext   =         0.000000
siesta: Ex      =       -72.709140
siesta: Ec      =       -10.302095
siesta: Exc     =       -83.011235
siesta: EbV     =         0.000000
siesta: eta*DQ  =         0.000000
siesta: Emadel  =         0.000000
siesta: Emeta   =         0.000000
siesta: Emolmec =         0.000000
siesta: Ekinion =         0.000000
siesta: Eharris =      -227.740166
siesta: Etot    =      -229.152045
siesta: FreeEng =      -229.152045

        iscf     Eharris(eV)        E_KS(eV)     FreeEng(eV)     dDmax    Ef(eV) dHmax(eV)
   scf:    1     -227.740166     -229.152045     -229.152045  1.068696 -4.392421  0.090188
timer: Routine,Calls,Time,% = IterSCF        1       0.207  26.24
   scf:    2     -229.152092     -229.152068     -229.152068  0.000023 -4.393483  0.089120
   scf:    3     -229.154020     -229.153100     -229.153100  0.001958 -4.483359  0.002112
   scf:    4     -229.153104     -229.153102     -229.153102  0.000697 -4.485169  0.001231
   scf:    5     -229.153103     -229.153103     -229.153103  0.000077 -4.483767  0.000005

SCF Convergence by DM+H criterion
max |DM_out - DM_in|         :     0.0000771785
max |H_out - H_in|      (eV) :     0.0000049256
SCF cycle converged after 5 iterations

Using DM_out to compute the final energy and forces
 E_bs from EDM:  -78.042620582118190     
No. of atoms with KB's overlaping orbs in proc 0. Max # of overlaps:      29     249

siesta: E_KS(eV) =             -229.1531

siesta: E_KS - E_eggbox =      -229.1531

siesta: Atomic forces (eV/Ang):
----------------------------------------
   Tot   -0.000000   -0.000000   -0.000000
----------------------------------------
   Max    0.000081
   Res    0.000081    sqrt( Sum f_i^2 / 3N )
----------------------------------------
   Max    0.000081    constrained

Stress tensor Voigt[x,y,z,yz,xz,xy] (kbar):      -80.19      -80.19      -80.19       -0.00       -0.00       -0.00
(Free)E + p*V (eV/cell)     -227.1497
Target enthalpy (eV/cell)     -229.1531

siesta: PDOS info
siesta: Shifting energies with respect to Fermi-level
siesta: E1 -- E2, sigma [eV], nhist:   -5.484 --   -3.484    0.200 200

diag: Algorithm                                     = D&C
diag: Parallel over k                               =   F
diag: Use parallel 2D distribution                  =   T
diag: Parallel block-size                           = 5
diag: Parallel distribution                         =     2 x     2
diag: Used triangular part                          = Lower
diag: Absolute tolerance                            =  0.100E-15
diag: Orthogonalization factor                      =  0.100E-05
diag: Memory factor                                 =  1.0000

siesta: Program's energy decomposition (eV):
siesta: Ebs     =       -78.042618
siesta: Eions   =       387.859309
siesta: Ena     =       123.459880
siesta: Ekin    =        78.910252
siesta: Enl     =        33.145002
siesta: Eso     =         0.000000
siesta: Edftu   =         0.000000
siesta: DEna    =         5.994177
siesta: DUscf   =         0.257654
siesta: DUext   =         0.000000
siesta: Ex      =       -72.765428
siesta: Ec      =       -10.295332
siesta: Exc     =       -83.060759
siesta: EbV     =         0.000000
siesta: eta*DQ  =         0.000000
siesta: Emadel  =         0.000000
siesta: Emeta   =         0.000000
siesta: Emolmec =         0.000000
siesta: Ekinion =         0.000000
siesta: Eharris =      -229.153103
siesta: Etot    =      -229.153103
siesta: FreeEng =      -229.153103

siesta: Final energy (eV):
siesta:  Band Struct. =     -78.042618
siesta:       Kinetic =      78.910252
siesta:       Hartree =      12.414218
siesta:         Edftu =       0.000000
siesta:       Eso     =       0.000000
siesta:    Ext. field =       0.000000
siesta:         Exch. =     -72.765428
siesta:         Corr. =     -10.295332
siesta:     Bulk bias =       0.000000
siesta:   Exch.-corr. =     -83.060759
siesta:  Ion-electron =     -95.140492
siesta:       Ion-ion =    -142.276321
siesta:       Ekinion =       0.000000
siesta: D3 dispersion =       0.000000
siesta:         Total =    -229.153103
siesta:         Fermi =      -4.483767

siesta: Stress tensor (static) (eV/Ang**3):
siesta:    -0.050052   -0.000002   -0.000002
siesta:    -0.000002   -0.050052   -0.000002
siesta:    -0.000002   -0.000002   -0.050052

siesta: Cell volume =         40.025752 Ang**3

siesta: Pressure (static):
siesta:                Solid            Molecule  Units
siesta:           0.00054513          0.00054510  Ry/Bohr**3
siesta:           0.05005165          0.05004890  eV/Ang**3
siesta:          80.19158510         80.18717977  kBar
(Free)E+ p_basis*V_orbitals  =        -227.916553
(Free)Eharris+ p_basis*V_orbitals  =        -227.916554

cite: Please see "Si_pdos.bib" for an exhaustive BiBTeX file.
cite: Please clearly indicate Siesta version in published work: 5.1-MaX-24-gc2193a788
cite: This calculation has made use of the following articles
cite: which are encouraged to be cited in a published work.
        Primary SIESTA paper
          DOI: www.doi.org/10.1088/0953-8984/14/11/302


>> End of run:  16-MAY-2024  21:04:48
Job completed
