|===============================================================================
|
|  DFTB+ release 24.1
|
|  Copyright (C) 2006 - 2024  DFTB+ developers group
|
|===============================================================================
|
|  When publishing results obtained with DFTB+, please cite the following
|  reference:
|
|  * DFTB+, a software package for efficient approximate density functional
|    theory based atomistic simulations, J. Chem. Phys. 152, 124101 (2020).
|    [doi: 10.1063/1.5143190]
|
|  You should also cite additional publications crediting the parametrization
|  data you use. Please consult the documentation of the SK-files for the
|  references.
|
|===============================================================================

Reading input file 'dftb_in.hsd'
Parser version: 14

--------------------------------------------------------------------------------
Reading SK-files:
/opt/generic/dftb-slako/24-043/mio/mio-1-1/O-O.skf
/opt/generic/dftb-slako/24-043/mio/mio-1-1/O-H.skf
/opt/generic/dftb-slako/24-043/mio/mio-1-1/H-H.skf
Done.


Processed input in HSD format written to 'dftb_pin.hsd'

Starting initialization...
--------------------------------------------------------------------------------
MPI processes:               1
OpenMP threads:              6
BLACS orbital grid size:     1 x 1
BLACS atom grid size:        1 x 1
Chosen random seed:          13916288
Current stacksize:           unlimited
Mode:                        Static calculation
Self consistent charges:     Yes
SCC-tolerance:                 0.100000E-04
Max. scc iterations:                    100
Shell resolved Hubbard:      No
Spin polarisation:           No
Nr. of up electrons:             4.000000
Nr. of down electrons:           4.000000
Periodic boundaries:         No
Electronic solver:           Relatively robust
Mixer:                       Broyden mixer
Mixing parameter:                  0.200000
Maximal SCC-cycles:                     100
Nr. of chrg. vec. in memory:            100
Electronic temperature:              0.100000E-07 H      0.272114E-06 eV
Initial charges:             Set automatically (system chrg:   0.000E+00)
Included shells:             O:  s, p
                             H:  s
Extra options:
                             Mulliken analysis
                             Force calculation
Force type                   original

--------------------------------------------------------------------------------

***  Geometry step: 0

 iSCC Total electronic   Diff electronic      SCC error    
Hamilton/Overlap written, exiting program.

--------------------------------------------------------------------------------
DFTB+ running times                          cpu [s]             wall clock [s]
--------------------------------------------------------------------------------
--------------------------------------------------------------------------------
Missing                                +       0.00 (100.0%)       0.00 (100.0%)
Total                                  =       0.00 (100.0%)       0.00 (100.0%)
--------------------------------------------------------------------------------
